Archive member included to satisfy reference by file (symbol)

d:/stm32cubeide/stm32cubeide_1.6.1/stm32cubeide/plugins/com.st.stm32cube.ide.mcu.externaltools.gnu-tools-for-stm32.9-2020-q2-update.win32_1.5.0.202011040924/tools/bin/../lib/gcc/arm-none-eabi/9.3.1/../../../../arm-none-eabi/lib/thumb/v7e-m+fp/hard\libc_nano.a(lib_a-errno.o)
                              Core/Src/syscalls.o (__errno)
d:/stm32cubeide/stm32cubeide_1.6.1/stm32cubeide/plugins/com.st.stm32cube.ide.mcu.externaltools.gnu-tools-for-stm32.9-2020-q2-update.win32_1.5.0.202011040924/tools/bin/../lib/gcc/arm-none-eabi/9.3.1/../../../../arm-none-eabi/lib/thumb/v7e-m+fp/hard\libc_nano.a(lib_a-exit.o)
                              d:/stm32cubeide/stm32cubeide_1.6.1/stm32cubeide/plugins/com.st.stm32cube.ide.mcu.externaltools.gnu-tools-for-stm32.9-2020-q2-update.win32_1.5.0.202011040924/tools/bin/../lib/gcc/arm-none-eabi/9.3.1/../../../../arm-none-eabi/lib/thumb/v7e-m+fp/hard/crt0.o (exit)
d:/stm32cubeide/stm32cubeide_1.6.1/stm32cubeide/plugins/com.st.stm32cube.ide.mcu.externaltools.gnu-tools-for-stm32.9-2020-q2-update.win32_1.5.0.202011040924/tools/bin/../lib/gcc/arm-none-eabi/9.3.1/../../../../arm-none-eabi/lib/thumb/v7e-m+fp/hard\libc_nano.a(lib_a-impure.o)
                              d:/stm32cubeide/stm32cubeide_1.6.1/stm32cubeide/plugins/com.st.stm32cube.ide.mcu.externaltools.gnu-tools-for-stm32.9-2020-q2-update.win32_1.5.0.202011040924/tools/bin/../lib/gcc/arm-none-eabi/9.3.1/../../../../arm-none-eabi/lib/thumb/v7e-m+fp/hard\libc_nano.a(lib_a-exit.o) (_global_impure_ptr)
d:/stm32cubeide/stm32cubeide_1.6.1/stm32cubeide/plugins/com.st.stm32cube.ide.mcu.externaltools.gnu-tools-for-stm32.9-2020-q2-update.win32_1.5.0.202011040924/tools/bin/../lib/gcc/arm-none-eabi/9.3.1/../../../../arm-none-eabi/lib/thumb/v7e-m+fp/hard\libc_nano.a(lib_a-init.o)
                              d:/stm32cubeide/stm32cubeide_1.6.1/stm32cubeide/plugins/com.st.stm32cube.ide.mcu.externaltools.gnu-tools-for-stm32.9-2020-q2-update.win32_1.5.0.202011040924/tools/bin/../lib/gcc/arm-none-eabi/9.3.1/../../../../arm-none-eabi/lib/thumb/v7e-m+fp/hard/crt0.o (__libc_init_array)
d:/stm32cubeide/stm32cubeide_1.6.1/stm32cubeide/plugins/com.st.stm32cube.ide.mcu.externaltools.gnu-tools-for-stm32.9-2020-q2-update.win32_1.5.0.202011040924/tools/bin/../lib/gcc/arm-none-eabi/9.3.1/../../../../arm-none-eabi/lib/thumb/v7e-m+fp/hard\libc_nano.a(lib_a-memset.o)
                              d:/stm32cubeide/stm32cubeide_1.6.1/stm32cubeide/plugins/com.st.stm32cube.ide.mcu.externaltools.gnu-tools-for-stm32.9-2020-q2-update.win32_1.5.0.202011040924/tools/bin/../lib/gcc/arm-none-eabi/9.3.1/../../../../arm-none-eabi/lib/thumb/v7e-m+fp/hard/crt0.o (memset)
d:/stm32cubeide/stm32cubeide_1.6.1/stm32cubeide/plugins/com.st.stm32cube.ide.mcu.externaltools.gnu-tools-for-stm32.9-2020-q2-update.win32_1.5.0.202011040924/tools/bin/../lib/gcc/arm-none-eabi/9.3.1/../../../../arm-none-eabi/lib/thumb/v7e-m+fp/hard\libc_nano.a(lib_a-strlen.o)
                              Core/Src/main.o (strlen)
d:/stm32cubeide/stm32cubeide_1.6.1/stm32cubeide/plugins/com.st.stm32cube.ide.mcu.externaltools.gnu-tools-for-stm32.9-2020-q2-update.win32_1.5.0.202011040924/tools/bin/../lib/gcc/arm-none-eabi/9.3.1/../../../../arm-none-eabi/lib/thumb/v7e-m+fp/hard\libc_nano.a(lib_a-strncpy.o)
                              Core/Src/main.o (strncpy)
d:/stm32cubeide/stm32cubeide_1.6.1/stm32cubeide/plugins/com.st.stm32cube.ide.mcu.externaltools.gnu-tools-for-stm32.9-2020-q2-update.win32_1.5.0.202011040924/tools/bin/../lib/gcc/arm-none-eabi/9.3.1/thumb/v7e-m+fp/hard\libgcc.a(_arm_muldf3.o)
                              Core/Src/printf.o (__aeabi_dmul)
d:/stm32cubeide/stm32cubeide_1.6.1/stm32cubeide/plugins/com.st.stm32cube.ide.mcu.externaltools.gnu-tools-for-stm32.9-2020-q2-update.win32_1.5.0.202011040924/tools/bin/../lib/gcc/arm-none-eabi/9.3.1/thumb/v7e-m+fp/hard\libgcc.a(_arm_addsubdf3.o)
                              Core/Src/printf.o (__aeabi_dsub)
d:/stm32cubeide/stm32cubeide_1.6.1/stm32cubeide/plugins/com.st.stm32cube.ide.mcu.externaltools.gnu-tools-for-stm32.9-2020-q2-update.win32_1.5.0.202011040924/tools/bin/../lib/gcc/arm-none-eabi/9.3.1/thumb/v7e-m+fp/hard\libgcc.a(_arm_muldivdf3.o)
                              Core/Src/printf.o (__aeabi_ddiv)
d:/stm32cubeide/stm32cubeide_1.6.1/stm32cubeide/plugins/com.st.stm32cube.ide.mcu.externaltools.gnu-tools-for-stm32.9-2020-q2-update.win32_1.5.0.202011040924/tools/bin/../lib/gcc/arm-none-eabi/9.3.1/thumb/v7e-m+fp/hard\libgcc.a(_arm_cmpdf2.o)
                              Core/Src/printf.o (__aeabi_dcmpeq)
d:/stm32cubeide/stm32cubeide_1.6.1/stm32cubeide/plugins/com.st.stm32cube.ide.mcu.externaltools.gnu-tools-for-stm32.9-2020-q2-update.win32_1.5.0.202011040924/tools/bin/../lib/gcc/arm-none-eabi/9.3.1/thumb/v7e-m+fp/hard\libgcc.a(_arm_fixdfsi.o)
                              Core/Src/printf.o (__aeabi_d2iz)
[...]
Memory Configuration

Name             Origin             Length             Attributes
RAM              0x0000000020000000 0x0000000000020000 xrw
FLASH            0x0000000008000000 0x0000000000080000 xr
*default*        0x0000000000000000 0xffffffffffffffff

Linker script and memory map

LOAD d:/stm32cubeide/stm32cubeide_1.6.1/stm32cubeide/plugins/com.st.stm32cube.ide.mcu.externaltools.gnu-tools-for-stm32.9-2020-q2-update.win32_1.5.0.202011040924/tools/bin/../lib/gcc/arm-none-eabi/9.3.1/thumb/v7e-m+fp/hard/crti.o
LOAD d:/stm32cubeide/stm32cubeide_1.6.1/stm32cubeide/plugins/com.st.stm32cube.ide.mcu.externaltools.gnu-tools-for-stm32.9-2020-q2-update.win32_1.5.0.202011040924/tools/bin/../lib/gcc/arm-none-eabi/9.3.1/thumb/v7e-m+fp/hard/crtbegin.o
LOAD d:/stm32cubeide/stm32cubeide_1.6.1/stm32cubeide/plugins/com.st.stm32cube.ide.mcu.externaltools.gnu-tools-for-stm32.9-2020-q2-update.win32_1.5.0.202011040924/tools/bin/../lib/gcc/arm-none-eabi/9.3.1/../../../../arm-none-eabi/lib/thumb/v7e-m+fp/hard/crt0.o
LOAD Core/Src/fonts.o
LOAD Core/Src/ili9341.o
LOAD Core/Src/lcd_touch.o
LOAD Core/Src/main.o
LOAD Core/Src/player.o
LOAD Core/Src/printf.o
LOAD Core/Src/stm32f4xx_hal_msp.o
LOAD Core/Src/stm32f4xx_it.o
LOAD Core/Src/syscalls.o
LOAD Core/Src/sysmem.o
LOAD Core/Src/system_stm32f4xx.o
LOAD Core/Startup/startup_stm32f411vetx.o
LOAD Drivers/STM32F4xx_HAL_Driver/Src/stm32f4xx_hal.o
LOAD Drivers/STM32F4xx_HAL_Driver/Src/stm32f4xx_hal_cortex.o
LOAD Drivers/STM32F4xx_HAL_Driver/Src/stm32f4xx_hal_dma.o
LOAD Drivers/STM32F4xx_HAL_Driver/Src/stm32f4xx_hal_dma_ex.o
LOAD Drivers/STM32F4xx_HAL_Driver/Src/stm32f4xx_hal_exti.o
LOAD Drivers/STM32F4xx_HAL_Driver/Src/stm32f4xx_hal_flash.o
LOAD Drivers/STM32F4xx_HAL_Driver/Src/stm32f4xx_hal_flash_ex.o
LOAD Drivers/STM32F4xx_HAL_Driver/Src/stm32f4xx_hal_flash_ramfunc.o
LOAD Drivers/STM32F4xx_HAL_Driver/Src/stm32f4xx_hal_gpio.o
LOAD Drivers/STM32F4xx_HAL_Driver/Src/stm32f4xx_hal_pwr.o
LOAD Drivers/STM32F4xx_HAL_Driver/Src/stm32f4xx_hal_pwr_ex.o
LOAD Drivers/STM32F4xx_HAL_Driver/Src/stm32f4xx_hal_rcc.o
LOAD Drivers/STM32F4xx_HAL_Driver/Src/stm32f4xx_hal_rcc_ex.o
LOAD Drivers/STM32F4xx_HAL_Driver/Src/stm32f4xx_hal_spi.o
LOAD Drivers/STM32F4xx_HAL_Driver/Src/stm32f4xx_hal_tim.o
LOAD Drivers/STM32F4xx_HAL_Driver/Src/stm32f4xx_hal_tim_ex.o
START GROUP
LOAD d:/stm32cubeide/stm32cubeide_1.6.1/stm32cubeide/plugins/com.st.stm32cube.ide.mcu.externaltools.gnu-tools-for-stm32.9-2020-q2-update.win32_1.5.0.202011040924/tools/bin/../lib/gcc/arm-none-eabi/9.3.1/../../../../arm-none-eabi/lib/thumb/v7e-m+fp/hard\libc_nano.a
LOAD d:/stm32cubeide/stm32cubeide_1.6.1/stm32cubeide/plugins/com.st.stm32cube.ide.mcu.externaltools.gnu-tools-for-stm32.9-2020-q2-update.win32_1.5.0.202011040924/tools/bin/../lib/gcc/arm-none-eabi/9.3.1/../../../../arm-none-eabi/lib/thumb/v7e-m+fp/hard\libm.a
END GROUP
START GROUP
LOAD d:/stm32cubeide/stm32cubeide_1.6.1/stm32cubeide/plugins/com.st.stm32cube.ide.mcu.externaltools.gnu-tools-for-stm32.9-2020-q2-update.win32_1.5.0.202011040924/tools/bin/../lib/gcc/arm-none-eabi/9.3.1/thumb/v7e-m+fp/hard\libgcc.a
LOAD d:/stm32cubeide/stm32cubeide_1.6.1/stm32cubeide/plugins/com.st.stm32cube.ide.mcu.externaltools.gnu-tools-for-stm32.9-2020-q2-update.win32_1.5.0.202011040924/tools/bin/../lib/gcc/arm-none-eabi/9.3.1/../../../../arm-none-eabi/lib/thumb/v7e-m+fp/hard\libc_nano.a
END GROUP
START GROUP
LOAD d:/stm32cubeide/stm32cubeide_1.6.1/stm32cubeide/plugins/com.st.stm32cube.ide.mcu.externaltools.gnu-tools-for-stm32.9-2020-q2-update.win32_1.5.0.202011040924/tools/bin/../lib/gcc/arm-none-eabi/9.3.1/thumb/v7e-m+fp/hard\libgcc.a
LOAD d:/stm32cubeide/stm32cubeide_1.6.1/stm32cubeide/plugins/com.st.stm32cube.ide.mcu.externaltools.gnu-tools-for-stm32.9-2020-q2-update.win32_1.5.0.202011040924/tools/bin/../lib/gcc/arm-none-eabi/9.3.1/../../../../arm-none-eabi/lib/thumb/v7e-m+fp/hard\libc_nano.a
LOAD d:/stm32cubeide/stm32cubeide_1.6.1/stm32cubeide/plugins/com.st.stm32cube.ide.mcu.externaltools.gnu-tools-for-stm32.9-2020-q2-update.win32_1.5.0.202011040924/tools/bin/../lib/gcc/arm-none-eabi/9.3.1/../../../../arm-none-eabi/lib/thumb/v7e-m+fp/hard\libnosys.a
END GROUP
START GROUP
LOAD d:/stm32cubeide/stm32cubeide_1.6.1/stm32cubeide/plugins/com.st.stm32cube.ide.mcu.externaltools.gnu-tools-for-stm32.9-2020-q2-update.win32_1.5.0.202011040924/tools/bin/../lib/gcc/arm-none-eabi/9.3.1/thumb/v7e-m+fp/hard\libgcc.a
LOAD d:/stm32cubeide/stm32cubeide_1.6.1/stm32cubeide/plugins/com.st.stm32cube.ide.mcu.externaltools.gnu-tools-for-stm32.9-2020-q2-update.win32_1.5.0.202011040924/tools/bin/../lib/gcc/arm-none-eabi/9.3.1/../../../../arm-none-eabi/lib/thumb/v7e-m+fp/hard\libc_nano.a
LOAD d:/stm32cubeide/stm32cubeide_1.6.1/stm32cubeide/plugins/com.st.stm32cube.ide.mcu.externaltools.gnu-tools-for-stm32.9-2020-q2-update.win32_1.5.0.202011040924/tools/bin/../lib/gcc/arm-none-eabi/9.3.1/../../../../arm-none-eabi/lib/thumb/v7e-m+fp/hard\libnosys.a
END GROUP
LOAD d:/stm32cubeide/stm32cubeide_1.6.1/stm32cubeide/plugins/com.st.stm32cube.ide.mcu.externaltools.gnu-tools-for-stm32.9-2020-q2-update.win32_1.5.0.202011040924/tools/bin/../lib/gcc/arm-none-eabi/9.3.1/thumb/v7e-m+fp/hard/crtend.o
LOAD d:/stm32cubeide/stm32cubeide_1.6.1/stm32cubeide/plugins/com.st.stm32cube.ide.mcu.externaltools.gnu-tools-for-stm32.9-2020-q2-update.win32_1.5.0.202011040924/tools/bin/../lib/gcc/arm-none-eabi/9.3.1/thumb/v7e-m+fp/hard/crtn.o
                0x0000000020020000                _estack = (ORIGIN (RAM) + LENGTH (RAM))
                0x0000000000000200                _Min_Heap_Size = 0x200
                0x0000000000000400                _Min_Stack_Size = 0x400

.isr_vector     0x0000000008000000      0x198
                0x0000000008000000                . = ALIGN (0x4)
 *(.isr_vector)
 .isr_vector    0x0000000008000000      0x198 Core/Startup/startup_stm32f411vetx.o
                0x0000000008000000                g_pfnVectors
                0x0000000008000198                . = ALIGN (0x4)

.text           0x0000000008000198     0x5424
                0x0000000008000198                . = ALIGN (0x4)
 *(.text)
 .text          0x0000000008000198       0x40 d:/stm32cubeide/stm32cubeide_1.6.1/stm32cubeide/plugins/com.st.stm32cube.ide.mcu.externaltools.gnu-tools-for-stm32.9-2020-q2-update.win32_1.5.0.202011040924/tools/bin/../lib/gcc/arm-none-eabi/9.3.1/thumb/v7e-m+fp/hard/crtbegin.o
 .text          0x00000000080001d8       0x10 d:/stm32cubeide/stm32cubeide_1.6.1/stm32cubeide/plugins/com.st.stm32cube.ide.mcu.externaltools.gnu-tools-for-stm32.9-2020-q2-update.win32_1.5.0.202011040924/tools/bin/../lib/gcc/arm-none-eabi/9.3.1/../../../../arm-none-eabi/lib/thumb/v7e-m+fp/hard\libc_nano.a(lib_a-strlen.o)
                0x00000000080001d8                strlen
 .text          0x00000000080001e8       0x30 d:/stm32cubeide/stm32cubeide_1.6.1/stm32cubeide/plugins/com.st.stm32cube.ide.mcu.externaltools.gnu-tools-for-stm32.9-2020-q2-update.win32_1.5.0.202011040924/tools/bin/../lib/gcc/arm-none-eabi/9.3.1/thumb/v7e-m+fp/hard\libgcc.a(_aeabi_uldivmod.o)
                0x00000000080001e8                __aeabi_uldivmod
 .text          0x0000000008000218      0x2c4 d:/stm32cubeide/stm32cubeide_1.6.1/stm32cubeide/plugins/com.st.stm32cube.ide.mcu.externaltools.gnu-tools-for-stm32.9-2020-q2-update.win32_1.5.0.202011040924/tools/bin/../lib/gcc/arm-none-eabi/9.3.1/thumb/v7e-m+fp/hard\libgcc.a(_udivmoddi4.o)
                0x0000000008000218                __udivmoddi4
 .text          0x00000000080004dc        0x4 d:/stm32cubeide/stm32cubeide_1.6.1/stm32cubeide/plugins/com.st.stm32cube.ide.mcu.externaltools.gnu-tools-for-stm32.9-2020-q2-update.win32_1.5.0.202011040924/tools/bin/../lib/gcc/arm-none-eabi/9.3.1/thumb/v7e-m+fp/hard\libgcc.a(_dvmd_tls.o)
                0x00000000080004dc                __aeabi_idiv0
                0x00000000080004dc                __aeabi_ldiv0
 *(.text*)
 .text.ILI9341_Select
                0x00000000080004e0       0x18 Core/Src/ili9341.o
 .text.ILI9341_Unselect
                0x00000000080004f8       0x18 Core/Src/ili9341.o
                0x00000000080004f8                ILI9341_Unselect
 .text.ILI9341_Reset
                0x0000000008000510       0x28 Core/Src/ili9341.o
 .text.ILI9341_WriteCommand
                0x0000000008000538       0x40 Core/Src/ili9341.o
 .text.ILI9341_WriteData
                0x0000000008000578       0x68 Core/Src/ili9341.o
 .text.ILI9341_SetAddressWindow
                0x00000000080005e0       0x90 Core/Src/ili9341.o
 .text.ILI9341_Init
                0x0000000008000670      0x25c Core/Src/ili9341.o
                0x0000000008000670                ILI9341_Init
 .text.ILI9341_WriteChar
                0x00000000080008cc       0xea Core/Src/ili9341.o
 .text.ILI9341_WriteString
                0x00000000080009b6       0x96 Core/Src/ili9341.o
                0x00000000080009b6                ILI9341_WriteString
 .text.ILI9341_FillRectangle
                0x0000000008000a4c      0x144 Core/Src/ili9341.o
                0x0000000008000a4c                ILI9341_FillRectangle
 .text.ILI9341_FillScreen
                0x0000000008000b90       0x24 Core/Src/ili9341.o
                0x0000000008000b90                ILI9341_FillScreen
 .text.FSM_Update
                0x0000000008000bb4      0x3c8 Core/Src/main.o
                0x0000000008000bb4                FSM_Update
 .text.main     0x0000000008000f7c      0x1f4 Core/Src/main.o
                0x0000000008000f7c                main
 .text.SystemClock_Config
                0x0000000008001170       0xd0 Core/Src/main.o
                0x0000000008001170                SystemClock_Config
 .text.MX_SPI1_Init
                0x0000000008001240       0x6c Core/Src/main.o
 .text.MX_TIM1_Init
                0x00000000080012ac      0x140 Core/Src/main.o
 .text.MX_TIM2_Init
                0x00000000080013ec       0xec Core/Src/main.o
 .text.MX_TIM4_Init
                0x00000000080014d8       0x9c Core/Src/main.o
 .text.MX_TIM9_Init
                0x0000000008001574       0xc4 Core/Src/main.o
 .text.MX_GPIO_Init
                0x0000000008001638      0x170 Core/Src/main.o
 .text.HAL_GPIO_EXTI_Callback
                0x00000000080017a8       0xf4 Core/Src/main.o
                0x00000000080017a8                HAL_GPIO_EXTI_Callback
 .text.HAL_TIM_PeriodElapsedCallback
                0x000000000800189c       0x5c Core/Src/main.o
                0x000000000800189c                HAL_TIM_PeriodElapsedCallback
 .text.Draw_MainChoice
                0x00000000080018f8      0x120 Core/Src/main.o
                0x00000000080018f8                Draw_MainChoice
 .text.Draw_Menu
                0x0000000008001a18      0x31c Core/Src/main.o
                0x0000000008001a18                Draw_Menu
 .text.Draw_MusicPlayer
                0x0000000008001d34      0x254 Core/Src/main.o
                0x0000000008001d34                Draw_MusicPlayer
 .text.Draw_Credits
                0x0000000008001f88      0x338 Core/Src/main.o
                0x0000000008001f88                Draw_Credits
 .text.Error_Handler
                0x00000000080022c0        0xa Core/Src/main.o
                0x00000000080022c0                Error_Handler
 *fill*         0x00000000080022ca        0x2 
 .text.play_note_on_timer
                0x00000000080022cc       0x60 Core/Src/player.o
 .text.play_motor1
                0x000000000800232c       0x28 Core/Src/player.o
 .text.play_motor2
                0x0000000008002354       0x28 Core/Src/player.o
 .text.play_motor3
                0x000000000800237c       0x28 Core/Src/player.o
 .text.tick_voice
                0x00000000080023a4       0xa8 Core/Src/player.o
 .text.player_tick
                0x000000000800244c       0x48 Core/Src/player.o
                0x000000000800244c                player_tick
 .text.player_init
                0x0000000008002494       0x38 Core/Src/player.o
                0x0000000008002494                player_init
 .text.player_play_song
                0x00000000080024cc       0xdc Core/Src/player.o
                0x00000000080024cc                player_play_song
 .text.player_stop
                0x00000000080025a8       0x5c Core/Src/player.o
                0x00000000080025a8                player_stop
 .text.HAL_MspInit
                0x0000000008002604       0x5c Core/Src/stm32f4xx_hal_msp.o
                0x0000000008002604                HAL_MspInit
 .text.HAL_SPI_MspInit
                0x0000000008002660       0xa0 Core/Src/stm32f4xx_hal_msp.o
                0x0000000008002660                HAL_SPI_MspInit
 .text.HAL_TIM_Base_MspInit
                0x0000000008002700       0xe0 Core/Src/stm32f4xx_hal_msp.o
                0x0000000008002700                HAL_TIM_Base_MspInit
 .text.HAL_TIM_MspPostInit
                0x00000000080027e0      0x10c Core/Src/stm32f4xx_hal_msp.o
                0x00000000080027e0                HAL_TIM_MspPostInit
 .text.NMI_Handler
                0x00000000080028ec        0x6 Core/Src/stm32f4xx_it.o
                0x00000000080028ec                NMI_Handler
 .text.HardFault_Handler
                0x00000000080028f2        0x6 Core/Src/stm32f4xx_it.o
                0x00000000080028f2                HardFault_Handler
 .text.MemManage_Handler
                0x00000000080028f8        0x6 Core/Src/stm32f4xx_it.o
                0x00000000080028f8                MemManage_Handler
 .text.BusFault_Handler
                0x00000000080028fe        0x6 Core/Src/stm32f4xx_it.o
                0x00000000080028fe                BusFault_Handler
 .text.UsageFault_Handler
                0x0000000008002904        0x6 Core/Src/stm32f4xx_it.o
                0x0000000008002904                UsageFault_Handler
 .text.SVC_Handler
                0x000000000800290a        0xe Core/Src/stm32f4xx_it.o
                0x000000000800290a                SVC_Handler
 .text.DebugMon_Handler
                0x0000000008002918        0xe Core/Src/stm32f4xx_it.o
                0x0000000008002918                DebugMon_Handler
 .text.PendSV_Handler
                0x0000000008002926        0xe Core/Src/stm32f4xx_it.o
                0x0000000008002926                PendSV_Handler
 .text.SysTick_Handler
                0x0000000008002934        0xc Core/Src/stm32f4xx_it.o
                0x0000000008002934                SysTick_Handler
 .text.EXTI0_IRQHandler
                0x0000000008002940        0xe Core/Src/stm32f4xx_it.o
                0x0000000008002940                EXTI0_IRQHandler
 .text.EXTI1_IRQHandler
                0x000000000800294e        0xe Core/Src/stm32f4xx_it.o
                0x000000000800294e                EXTI1_IRQHandler
 .text.EXTI2_IRQHandler
                0x000000000800295c        0xe Core/Src/stm32f4xx_it.o
                0x000000000800295c                EXTI2_IRQHandler
 .text.EXTI4_IRQHandler
                0x000000000800296a        0xe Core/Src/stm32f4xx_it.o
                0x000000000800296a                EXTI4_IRQHandler
 .text.EXTI9_5_IRQHandler
                0x0000000008002978       0x14 Core/Src/stm32f4xx_it.o
                0x0000000008002978                EXTI9_5_IRQHandler
 .text.TIM2_IRQHandler
                0x000000000800298c       0x14 Core/Src/stm32f4xx_it.o
                0x000000000800298c                TIM2_IRQHandler
 .text.TIM4_IRQHandler
                0x00000000080029a0       0x14 Core/Src/stm32f4xx_it.o
                0x00000000080029a0                TIM4_IRQHandler
 .text.SPI1_IRQHandler
                0x00000000080029b4       0x14 Core/Src/stm32f4xx_it.o
                0x00000000080029b4                SPI1_IRQHandler
 .text.FPU_IRQHandler
                0x00000000080029c8        0xe Core/Src/stm32f4xx_it.o
                0x00000000080029c8                FPU_IRQHandler
 *fill*         0x00000000080029d6        0x2 
 .text.SystemInit
                0x00000000080029d8       0x24 Core/Src/system_stm32f4xx.o
                0x00000000080029d8                SystemInit
 .text.Reset_Handler
                0x00000000080029fc       0x50 Core/Startup/startup_stm32f411vetx.o
                0x00000000080029fc                Reset_Handler
 .text.Default_Handler
                0x0000000008002a4c        0x2 Core/Startup/startup_stm32f411vetx.o
                0x0000000008002a4c                RTC_Alarm_IRQHandler
                0x0000000008002a4c                SPI4_IRQHandler
                0x0000000008002a4c                TIM1_CC_IRQHandler
                0x0000000008002a4c                DMA2_Stream5_IRQHandler
                0x0000000008002a4c                DMA1_Stream5_IRQHandler
                0x0000000008002a4c                PVD_IRQHandler
                0x0000000008002a4c                SDIO_IRQHandler
                0x0000000008002a4c                TAMP_STAMP_IRQHandler
                0x0000000008002a4c                EXTI3_IRQHandler
                0x0000000008002a4c                TIM1_UP_TIM10_IRQHandler
                0x0000000008002a4c                I2C3_ER_IRQHandler
                0x0000000008002a4c                I2C2_EV_IRQHandler
                0x0000000008002a4c                DMA1_Stream2_IRQHandler
                0x0000000008002a4c                DMA2_Stream2_IRQHandler
                0x0000000008002a4c                TIM1_BRK_TIM9_IRQHandler
                0x0000000008002a4c                DMA2_Stream3_IRQHandler
                0x0000000008002a4c                USART6_IRQHandler
                0x0000000008002a4c                DMA2_Stream0_IRQHandler
                0x0000000008002a4c                I2C1_EV_IRQHandler
                0x0000000008002a4c                DMA1_Stream6_IRQHandler
                0x0000000008002a4c                DMA1_Stream1_IRQHandler
                0x0000000008002a4c                TIM3_IRQHandler
                0x0000000008002a4c                RCC_IRQHandler
                0x0000000008002a4c                Default_Handler
                0x0000000008002a4c                EXTI15_10_IRQHandler
                0x0000000008002a4c                ADC_IRQHandler
                0x0000000008002a4c                DMA1_Stream7_IRQHandler
                0x0000000008002a4c                SPI5_IRQHandler
                0x0000000008002a4c                TIM5_IRQHandler
                0x0000000008002a4c                DMA2_Stream7_IRQHandler
                0x0000000008002a4c                I2C3_EV_IRQHandler
                0x0000000008002a4c                RTC_WKUP_IRQHandler
                0x0000000008002a4c                SPI2_IRQHandler
                0x0000000008002a4c                DMA1_Stream0_IRQHandler
                0x0000000008002a4c                WWDG_IRQHandler
                0x0000000008002a4c                OTG_FS_WKUP_IRQHandler
                0x0000000008002a4c                TIM1_TRG_COM_TIM11_IRQHandler
                0x0000000008002a4c                USART2_IRQHandler
                0x0000000008002a4c                I2C2_ER_IRQHandler
                0x0000000008002a4c                DMA2_Stream1_IRQHandler
                0x0000000008002a4c                FLASH_IRQHandler
                0x0000000008002a4c                DMA2_Stream4_IRQHandler
                0x0000000008002a4c                USART1_IRQHandler
                0x0000000008002a4c                OTG_FS_IRQHandler
                0x0000000008002a4c                SPI3_IRQHandler
                0x0000000008002a4c                DMA1_Stream4_IRQHandler
                0x0000000008002a4c                I2C1_ER_IRQHandler
                0x0000000008002a4c                DMA2_Stream6_IRQHandler
                0x0000000008002a4c                DMA1_Stream3_IRQHandler
 *fill*         0x0000000008002a4e        0x2 
 .text.HAL_Init
                0x0000000008002a50       0x44 Drivers/STM32F4xx_HAL_Driver/Src/stm32f4xx_hal.o
                0x0000000008002a50                HAL_Init
 .text.HAL_InitTick
                0x0000000008002a94       0x60 Drivers/STM32F4xx_HAL_Driver/Src/stm32f4xx_hal.o
                0x0000000008002a94                HAL_InitTick
 .text.HAL_IncTick
                0x0000000008002af4       0x28 Drivers/STM32F4xx_HAL_Driver/Src/stm32f4xx_hal.o
                0x0000000008002af4                HAL_IncTick
 .text.HAL_GetTick
                0x0000000008002b1c       0x18 Drivers/STM32F4xx_HAL_Driver/Src/stm32f4xx_hal.o
                0x0000000008002b1c                HAL_GetTick
 .text.HAL_Delay
                0x0000000008002b34       0x48 Drivers/STM32F4xx_HAL_Driver/Src/stm32f4xx_hal.o
                0x0000000008002b34                HAL_Delay
 .text.__NVIC_SetPriorityGrouping
                0x0000000008002b7c       0x48 Drivers/STM32F4xx_HAL_Driver/Src/stm32f4xx_hal_cortex.o
 .text.__NVIC_GetPriorityGrouping
                0x0000000008002bc4       0x1c Drivers/STM32F4xx_HAL_Driver/Src/stm32f4xx_hal_cortex.o
 .text.__NVIC_EnableIRQ
                0x0000000008002be0       0x3c Drivers/STM32F4xx_HAL_Driver/Src/stm32f4xx_hal_cortex.o
 .text.__NVIC_DisableIRQ
                0x0000000008002c1c       0x48 Drivers/STM32F4xx_HAL_Driver/Src/stm32f4xx_hal_cortex.o
 .text.__NVIC_SetPriority
                0x0000000008002c64       0x54 Drivers/STM32F4xx_HAL_Driver/Src/stm32f4xx_hal_cortex.o
 .text.NVIC_EncodePriority
                0x0000000008002cb8       0x66 Drivers/STM32F4xx_HAL_Driver/Src/stm32f4xx_hal_cortex.o
 *fill*         0x0000000008002d1e        0x2 
 .text.SysTick_Config
                0x0000000008002d20       0x44 Drivers/STM32F4xx_HAL_Driver/Src/stm32f4xx_hal_cortex.o
 .text.HAL_NVIC_SetPriorityGrouping
                0x0000000008002d64       0x16 Drivers/STM32F4xx_HAL_Driver/Src/stm32f4xx_hal_cortex.o
                0x0000000008002d64                HAL_NVIC_SetPriorityGrouping
 .text.HAL_NVIC_SetPriority
                0x0000000008002d7a       0x38 Drivers/STM32F4xx_HAL_Driver/Src/stm32f4xx_hal_cortex.o
                0x0000000008002d7a                HAL_NVIC_SetPriority
 .text.HAL_NVIC_EnableIRQ
                0x0000000008002db2       0x1c Drivers/STM32F4xx_HAL_Driver/Src/stm32f4xx_hal_cortex.o
                0x0000000008002db2                HAL_NVIC_EnableIRQ
 .text.HAL_NVIC_DisableIRQ
                0x0000000008002dce       0x1c Drivers/STM32F4xx_HAL_Driver/Src/stm32f4xx_hal_cortex.o
                0x0000000008002dce                HAL_NVIC_DisableIRQ
 .text.HAL_SYSTICK_Config
                0x0000000008002dea       0x18 Drivers/STM32F4xx_HAL_Driver/Src/stm32f4xx_hal_cortex.o
                0x0000000008002dea                HAL_SYSTICK_Config
 .text.HAL_DMA_Start_IT
                0x0000000008002e02       0xb0 Drivers/STM32F4xx_HAL_Driver/Src/stm32f4xx_hal_dma.o
                0x0000000008002e02                HAL_DMA_Start_IT
 .text.HAL_DMA_Abort_IT
                0x0000000008002eb2       0x44 Drivers/STM32F4xx_HAL_Driver/Src/stm32f4xx_hal_dma.o
                0x0000000008002eb2                HAL_DMA_Abort_IT
 .text.DMA_SetConfig
                0x0000000008002ef6       0x5c Drivers/STM32F4xx_HAL_Driver/Src/stm32f4xx_hal_dma.o
 *fill*         0x0000000008002f52        0x2 
 .text.HAL_GPIO_Init
                0x0000000008002f54      0x308 Drivers/STM32F4xx_HAL_Driver/Src/stm32f4xx_hal_gpio.o
                0x0000000008002f54                HAL_GPIO_Init
 .text.HAL_GPIO_WritePin
                0x000000000800325c       0x32 Drivers/STM32F4xx_HAL_Driver/Src/stm32f4xx_hal_gpio.o
                0x000000000800325c                HAL_GPIO_WritePin
 *fill*         0x000000000800328e        0x2 
 .text.HAL_GPIO_EXTI_IRQHandler
                0x0000000008003290       0x30 Drivers/STM32F4xx_HAL_Driver/Src/stm32f4xx_hal_gpio.o
                0x0000000008003290                HAL_GPIO_EXTI_IRQHandler
 .text.HAL_RCC_OscConfig
                0x00000000080032c0      0x4f0 Drivers/STM32F4xx_HAL_Driver/Src/stm32f4xx_hal_rcc.o
                0x00000000080032c0                HAL_RCC_OscConfig
 .text.HAL_RCC_ClockConfig
                0x00000000080037b0      0x1cc Drivers/STM32F4xx_HAL_Driver/Src/stm32f4xx_hal_rcc.o
                0x00000000080037b0                HAL_RCC_ClockConfig
 .text.HAL_RCC_GetSysClockFreq
                0x000000000800397c      0x16c Drivers/STM32F4xx_HAL_Driver/Src/stm32f4xx_hal_rcc.o
                0x000000000800397c                HAL_RCC_GetSysClockFreq
 .text.HAL_SPI_Init
                0x0000000008003ae8      0x112 Drivers/STM32F4xx_HAL_Driver/Src/stm32f4xx_hal_spi.o
                0x0000000008003ae8                HAL_SPI_Init
 .text.HAL_SPI_Transmit
                0x0000000008003bfa      0x278 Drivers/STM32F4xx_HAL_Driver/Src/stm32f4xx_hal_spi.o
                0x0000000008003bfa                HAL_SPI_Transmit
 *fill*         0x0000000008003e72        0x2 
 .text.HAL_SPI_Transmit_DMA
                0x0000000008003e74      0x16c Drivers/STM32F4xx_HAL_Driver/Src/stm32f4xx_hal_spi.o
                0x0000000008003e74                HAL_SPI_Transmit_DMA
 .text.HAL_SPI_IRQHandler
                0x0000000008003fe0      0x200 Drivers/STM32F4xx_HAL_Driver/Src/stm32f4xx_hal_spi.o
                0x0000000008003fe0                HAL_SPI_IRQHandler
 .text.HAL_SPI_TxCpltCallback
                0x00000000080041e0       0x14 Drivers/STM32F4xx_HAL_Driver/Src/stm32f4xx_hal_spi.o
                0x00000000080041e0                HAL_SPI_TxCpltCallback
 .text.HAL_SPI_TxHalfCpltCallback
                0x00000000080041f4       0x14 Drivers/STM32F4xx_HAL_Driver/Src/stm32f4xx_hal_spi.o
                0x00000000080041f4                HAL_SPI_TxHalfCpltCallback
 .text.HAL_SPI_ErrorCallback
                0x0000000008004208       0x14 Drivers/STM32F4xx_HAL_Driver/Src/stm32f4xx_hal_spi.o
                0x0000000008004208                HAL_SPI_ErrorCallback
 .text.HAL_SPI_GetState
                0x000000000800421c       0x1c Drivers/STM32F4xx_HAL_Driver/Src/stm32f4xx_hal_spi.o
                0x000000000800421c                HAL_SPI_GetState
 .text.SPI_DMATransmitCplt
                0x0000000008004238       0xa8 Drivers/STM32F4xx_HAL_Driver/Src/stm32f4xx_hal_spi.o
 .text.SPI_DMAHalfTransmitCplt
                0x00000000080042e0       0x1c Drivers/STM32F4xx_HAL_Driver/Src/stm32f4xx_hal_spi.o
 .text.SPI_DMAError
                0x00000000080042fc       0x40 Drivers/STM32F4xx_HAL_Driver/Src/stm32f4xx_hal_spi.o
 .text.SPI_DMAAbortOnError
                0x000000000800433c       0x28 Drivers/STM32F4xx_HAL_Driver/Src/stm32f4xx_hal_spi.o
 .text.SPI_WaitFlagStateUntilTimeout
                0x0000000008004364      0x110 Drivers/STM32F4xx_HAL_Driver/Src/stm32f4xx_hal_spi.o
 .text.SPI_EndRxTxTransaction
                0x0000000008004474       0x84 Drivers/STM32F4xx_HAL_Driver/Src/stm32f4xx_hal_spi.o
 .text.HAL_TIM_Base_Init
                0x00000000080044f8       0x9e Drivers/STM32F4xx_HAL_Driver/Src/stm32f4xx_hal_tim.o
                0x00000000080044f8                HAL_TIM_Base_Init
 *fill*         0x0000000008004596        0x2 
 .text.HAL_TIM_Base_Start_IT
                0x0000000008004598       0xc4 Drivers/STM32F4xx_HAL_Driver/Src/stm32f4xx_hal_tim.o
                0x0000000008004598                HAL_TIM_Base_Start_IT
 .text.HAL_TIM_PWM_Init
                0x000000000800465c       0x9e Drivers/STM32F4xx_HAL_Driver/Src/stm32f4xx_hal_tim.o
                0x000000000800465c                HAL_TIM_PWM_Init
 .text.HAL_TIM_PWM_MspInit
                0x00000000080046fa       0x14 Drivers/STM32F4xx_HAL_Driver/Src/stm32f4xx_hal_tim.o
                0x00000000080046fa                HAL_TIM_PWM_MspInit
 *fill*         0x000000000800470e        0x2 
 .text.HAL_TIM_PWM_Start
                0x0000000008004710      0x160 Drivers/STM32F4xx_HAL_Driver/Src/stm32f4xx_hal_tim.o
                0x0000000008004710                HAL_TIM_PWM_Start
 .text.HAL_TIM_IRQHandler
                0x0000000008004870      0x210 Drivers/STM32F4xx_HAL_Driver/Src/stm32f4xx_hal_tim.o
                0x0000000008004870                HAL_TIM_IRQHandler
 .text.HAL_TIM_PWM_ConfigChannel
                0x0000000008004a80      0x184 Drivers/STM32F4xx_HAL_Driver/Src/stm32f4xx_hal_tim.o
                0x0000000008004a80                HAL_TIM_PWM_ConfigChannel
 .text.HAL_TIM_ConfigClockSource
                0x0000000008004c04      0x18e Drivers/STM32F4xx_HAL_Driver/Src/stm32f4xx_hal_tim.o
                0x0000000008004c04                HAL_TIM_ConfigClockSource
 .text.HAL_TIM_OC_DelayElapsedCallback
                0x0000000008004d92       0x14 Drivers/STM32F4xx_HAL_Driver/Src/stm32f4xx_hal_tim.o
                0x0000000008004d92                HAL_TIM_OC_DelayElapsedCallback
 .text.HAL_TIM_IC_CaptureCallback
                0x0000000008004da6       0x14 Drivers/STM32F4xx_HAL_Driver/Src/stm32f4xx_hal_tim.o
                0x0000000008004da6                HAL_TIM_IC_CaptureCallback
 .text.HAL_TIM_PWM_PulseFinishedCallback
                0x0000000008004dba       0x14 Drivers/STM32F4xx_HAL_Driver/Src/stm32f4xx_hal_tim.o
                0x0000000008004dba                HAL_TIM_PWM_PulseFinishedCallback
 .text.HAL_TIM_TriggerCallback
                0x0000000008004dce       0x14 Drivers/STM32F4xx_HAL_Driver/Src/stm32f4xx_hal_tim.o
                0x0000000008004dce                HAL_TIM_TriggerCallback
 *fill*         0x0000000008004de2        0x2 
 .text.TIM_Base_SetConfig
                0x0000000008004de4      0x100 Drivers/STM32F4xx_HAL_Driver/Src/stm32f4xx_hal_tim.o
                0x0000000008004de4                TIM_Base_SetConfig
 .text.TIM_OC1_SetConfig
                0x0000000008004ee4       0xcc Drivers/STM32F4xx_HAL_Driver/Src/stm32f4xx_hal_tim.o
 .text.TIM_OC2_SetConfig
                0x0000000008004fb0       0xd8 Drivers/STM32F4xx_HAL_Driver/Src/stm32f4xx_hal_tim.o
                0x0000000008004fb0                TIM_OC2_SetConfig
 .text.TIM_OC3_SetConfig
                0x0000000008005088       0xd4 Drivers/STM32F4xx_HAL_Driver/Src/stm32f4xx_hal_tim.o
 .text.TIM_OC4_SetConfig
                0x000000000800515c       0xa0 Drivers/STM32F4xx_HAL_Driver/Src/stm32f4xx_hal_tim.o
 .text.TIM_TI1_ConfigInputStage
                0x00000000080051fc       0x5e Drivers/STM32F4xx_HAL_Driver/Src/stm32f4xx_hal_tim.o
 .text.TIM_TI2_ConfigInputStage
                0x000000000800525a       0x60 Drivers/STM32F4xx_HAL_Driver/Src/stm32f4xx_hal_tim.o
 .text.TIM_ITRx_SetConfig
                0x00000000080052ba       0x36 Drivers/STM32F4xx_HAL_Driver/Src/stm32f4xx_hal_tim.o
 .text.TIM_ETR_SetConfig
                0x00000000080052f0       0x40 Drivers/STM32F4xx_HAL_Driver/Src/stm32f4xx_hal_tim.o
                0x00000000080052f0                TIM_ETR_SetConfig
 .text.TIM_CCxChannelCmd
                0x0000000008005330       0x4a Drivers/STM32F4xx_HAL_Driver/Src/stm32f4xx_hal_tim.o
                0x0000000008005330                TIM_CCxChannelCmd
 *fill*         0x000000000800537a        0x2 
 .text.HAL_TIMEx_MasterConfigSynchronization
                0x000000000800537c       0xdc Drivers/STM32F4xx_HAL_Driver/Src/stm32f4xx_hal_tim_ex.o
                0x000000000800537c                HAL_TIMEx_MasterConfigSynchronization
 .text.HAL_TIMEx_ConfigBreakDeadTime
                0x0000000008005458       0xa4 Drivers/STM32F4xx_HAL_Driver/Src/stm32f4xx_hal_tim_ex.o
                0x0000000008005458                HAL_TIMEx_ConfigBreakDeadTime
 .text.HAL_TIMEx_CommutCallback
                0x00000000080054fc       0x14 Drivers/STM32F4xx_HAL_Driver/Src/stm32f4xx_hal_tim_ex.o
                0x00000000080054fc                HAL_TIMEx_CommutCallback
 .text.HAL_TIMEx_BreakCallback
                0x0000000008005510       0x14 Drivers/STM32F4xx_HAL_Driver/Src/stm32f4xx_hal_tim_ex.o
                0x0000000008005510                HAL_TIMEx_BreakCallback
 .text.__libc_init_array
                0x0000000008005524       0x48 d:/stm32cubeide/stm32cubeide_1.6.1/stm32cubeide/plugins/com.st.stm32cube.ide.mcu.externaltools.gnu-tools-for-stm32.9-2020-q2-update.win32_1.5.0.202011040924/tools/bin/../lib/gcc/arm-none-eabi/9.3.1/../../../../arm-none-eabi/lib/thumb/v7e-m+fp/hard\libc_nano.a(lib_a-init.o)
                0x0000000008005524                __libc_init_array
 .text.memset   0x000000000800556c       0x10 d:/stm32cubeide/stm32cubeide_1.6.1/stm32cubeide/plugins/com.st.stm32cube.ide.mcu.externaltools.gnu-tools-for-stm32.9-2020-q2-update.win32_1.5.0.202011040924/tools/bin/../lib/gcc/arm-none-eabi/9.3.1/../../../../arm-none-eabi/lib/thumb/v7e-m+fp/hard\libc_nano.a(lib_a-memset.o)
                0x000000000800556c                memset
 .text.strncpy  0x000000000800557c       0x26 d:/stm32cubeide/stm32cubeide_1.6.1/stm32cubeide/plugins/com.st.stm32cube.ide.mcu.externaltools.gnu-tools-for-stm32.9-2020-q2-update.win32_1.5.0.202011040924/tools/bin/../lib/gcc/arm-none-eabi/9.3.1/../../../../arm-none-eabi/lib/thumb/v7e-m+fp/hard\libc_nano.a(lib_a-strncpy.o)
                0x000000000800557c                strncpy
 *(.glue_7)
 .glue_7        0x00000000080055a2        0x0 linker stubs
 *(.glue_7t)
 .glue_7t       0x00000000080055a2        0x0 linker stubs
 *(.eh_frame)
 *fill*         0x00000000080055a2        0x2 
 .eh_frame      0x00000000080055a4        0x0 d:/stm32cubeide/stm32cubeide_1.6.1/stm32cubeide/plugins/com.st.stm32cube.ide.mcu.externaltools.gnu-tools-for-stm32.9-2020-q2-update.win32_1.5.0.202011040924/tools/bin/../lib/gcc/arm-none-eabi/9.3.1/thumb/v7e-m+fp/hard/crtbegin.o
 *(.init)
 .init          0x00000000080055a4        0x4 d:/stm32cubeide/stm32cubeide_1.6.1/stm32cubeide/plugins/com.st.stm32cube.ide.mcu.externaltools.gnu-tools-for-stm32.9-2020-q2-update.win32_1.5.0.202011040924/tools/bin/../lib/gcc/arm-none-eabi/9.3.1/thumb/v7e-m+fp/hard/crti.o
                0x00000000080055a4                _init
 .init          0x00000000080055a8        0x8 d:/stm32cubeide/stm32cubeide_1.6.1/stm32cubeide/plugins/com.st.stm32cube.ide.mcu.externaltools.gnu-tools-for-stm32.9-2020-q2-update.win32_1.5.0.202011040924/tools/bin/../lib/gcc/arm-none-eabi/9.3.1/thumb/v7e-m+fp/hard/crtn.o
 *(.fini)
 .fini          0x00000000080055b0        0x4 d:/stm32cubeide/stm32cubeide_1.6.1/stm32cubeide/plugins/com.st.stm32cube.ide.mcu.externaltools.gnu-tools-for-stm32.9-2020-q2-update.win32_1.5.0.202011040924/tools/bin/../lib/gcc/arm-none-eabi/9.3.1/thumb/v7e-m+fp/hard/crti.o
                0x00000000080055b0                _fini
 .fini          0x00000000080055b4        0x8 d:/stm32cubeide/stm32cubeide_1.6.1/stm32cubeide/plugins/com.st.stm32cube.ide.mcu.externaltools.gnu-tools-for-stm32.9-2020-q2-update.win32_1.5.0.202011040924/tools/bin/../lib/gcc/arm-none-eabi/9.3.1/thumb/v7e-m+fp/hard/crtn.o
                0x00000000080055bc                . = ALIGN (0x4)
                0x00000000080055bc                _etext = .

.vfp11_veneer   0x00000000080055bc        0x0
 .vfp11_veneer  0x00000000080055bc        0x0 linker stubs

.v4_bx          0x00000000080055bc        0x0
 .v4_bx         0x00000000080055bc        0x0 linker stubs

.iplt           0x00000000080055bc        0x0
 .iplt          0x00000000080055bc        0x0 d:/stm32cubeide/stm32cubeide_1.6.1/stm32cubeide/plugins/com.st.stm32cube.ide.mcu.externaltools.gnu-tools-for-stm32.9-2020-q2-update.win32_1.5.0.202011040924/tools/bin/../lib/gcc/arm-none-eabi/9.3.1/thumb/v7e-m+fp/hard/crtbegin.o

.rodata         0x00000000080055bc    0x41ed0
                0x00000000080055bc                . = ALIGN (0x4)
 *(.rodata)
 .rodata        0x00000000080055bc       0x33 Core/Src/ili9341.o
 *fill*         0x00000000080055ef        0x1 
 .rodata        0x00000000080055f0      0x240 Core/Src/main.o
 .rodata        0x0000000008005830       0x5d Core/Src/player.o
 *(.rodata*)
 *fill*         0x000000000800588d        0x3 
 .rodata.Font7x10
                0x0000000008005890      0x76c Core/Src/fonts.o
 .rodata.Font11x18
                0x0000000008005ffc      0xd5c Core/Src/fonts.o
 .rodata.song_mozart_symphony40_1_piano_solo_melody
                0x0000000008006d58     0x4748 Core/Src/main.o
 .rodata.song_mozart_symphony40_1_piano_solo_harmony
                0x000000000800b4a0     0x4748 Core/Src/main.o
 .rodata.song_mozart_symphony40_1_piano_solo_bass
                0x000000000800fbe8     0x4748 Core/Src/main.o
 .rodata.song_tokyo_ghoul___unravel_melody
                0x0000000008014330      0x50c Core/Src/main.o
 .rodata.song_tokyo_ghoul___unravel_harmony
                0x000000000801483c      0x50c Core/Src/main.o
 .rodata.song_tokyo_ghoul___unravel_bass
                0x0000000008014d48      0x50c Core/Src/main.o
 .rodata.song_queen___bohemian_rhapsody_melody
                0x0000000008015254     0x4128 Core/Src/main.o
 .rodata.song_queen___bohemian_rhapsody_harmony
                0x000000000801937c     0x4128 Core/Src/main.o
 .rodata.song_queen___bohemian_rhapsody_bass
                0x000000000801d4a4     0x4128 Core/Src/main.o
 .rodata.song_linkin_park_numb_melody
                0x00000000080215cc      0xf50 Core/Src/main.o
 .rodata.song_linkin_park_numb_harmony
                0x000000000802251c      0xf50 Core/Src/main.o
 .rodata.song_linkin_park_numb_bass
                0x000000000802346c      0xf50 Core/Src/main.o
 .rodata.song_tetris___a_theme_melody
                0x00000000080243bc      0xea0 Core/Src/main.o
 .rodata.song_tetris___a_theme_harmony
                0x000000000802525c      0xea0 Core/Src/main.o
 .rodata.song_tetris___a_theme_bass
                0x00000000080260fc      0xea0 Core/Src/main.o
 .rodata.song_list
                0x0000000008026f9c       0x8c Core/Src/main.o
 .rodata.NOTE_ARR
                0x0000000008027028      0x184 Core/Src/player.o
 .rodata.song_mozart_symphony40_1_piano_solo_melody
                0x00000000080271ac     0x4748 Core/Src/player.o
 .rodata.song_mozart_symphony40_1_piano_solo_harmony
                0x000000000802b8f4     0x4748 Core/Src/player.o
 .rodata.song_mozart_symphony40_1_piano_solo_bass
                0x000000000803003c     0x4748 Core/Src/player.o
 .rodata.song_tokyo_ghoul___unravel_melody
                0x0000000008034784      0x50c Core/Src/player.o
 .rodata.song_tokyo_ghoul___unravel_harmony
                0x0000000008034c90      0x50c Core/Src/player.o
 .rodata.song_tokyo_ghoul___unravel_bass
                0x000000000803519c      0x50c Core/Src/player.o
 .rodata.song_queen___bohemian_rhapsody_melody
                0x00000000080356a8     0x4128 Core/Src/player.o
 .rodata.song_queen___bohemian_rhapsody_harmony
                0x00000000080397d0     0x4128 Core/Src/player.o
 .rodata.song_queen___bohemian_rhapsody_bass
                0x000000000803d8f8     0x4128 Core/Src/player.o
 .rodata.song_linkin_park_numb_melody
                0x0000000008041a20      0xf50 Core/Src/player.o
 .rodata.song_linkin_park_numb_harmony
                0x0000000008042970      0xf50 Core/Src/player.o
 .rodata.song_linkin_park_numb_bass
                0x00000000080438c0      0xf50 Core/Src/player.o
 .rodata.song_tetris___a_theme_melody
                0x0000000008044810      0xea0 Core/Src/player.o
 .rodata.song_tetris___a_theme_harmony
                0x00000000080456b0      0xea0 Core/Src/player.o
 .rodata.song_tetris___a_theme_bass
                0x0000000008046550      0xea0 Core/Src/player.o
 .rodata.song_list
                0x00000000080473f0       0x8c Core/Src/player.o
 .rodata.AHBPrescTable
                0x000000000804747c       0x10 Core/Src/system_stm32f4xx.o
                0x000000000804747c                AHBPrescTable
                0x000000000804748c                . = ALIGN (0x4)

.ARM.extab      0x000000000804748c        0x0
                0x000000000804748c                . = ALIGN (0x4)
 *(.ARM.extab* .gnu.linkonce.armextab.*)
                0x000000000804748c                . = ALIGN (0x4)

.ARM            0x000000000804748c        0x8
                0x000000000804748c                . = ALIGN (0x4)
                0x000000000804748c                __exidx_start = .
 *(.ARM.exidx*)
 .ARM.exidx     0x000000000804748c        0x8 d:/stm32cubeide/stm32cubeide_1.6.1/stm32cubeide/plugins/com.st.stm32cube.ide.mcu.externaltools.gnu-tools-for-stm32.9-2020-q2-update.win32_1.5.0.202011040924/tools/bin/../lib/gcc/arm-none-eabi/9.3.1/thumb/v7e-m+fp/hard\libgcc.a(_udivmoddi4.o)
                0x0000000008047494                __exidx_end = .
                0x0000000008047494                . = ALIGN (0x4)

.rel.dyn        0x0000000008047494        0x0
 .rel.iplt      0x0000000008047494        0x0 d:/stm32cubeide/stm32cubeide_1.6.1/stm32cubeide/plugins/com.st.stm32cube.ide.mcu.externaltools.gnu-tools-for-stm32.9-2020-q2-update.win32_1.5.0.202011040924/tools/bin/../lib/gcc/arm-none-eabi/9.3.1/thumb/v7e-m+fp/hard/crtbegin.o

.preinit_array  0x0000000008047494        0x0
                0x0000000008047494                . = ALIGN (0x4)
                0x0000000008047494                PROVIDE (__preinit_array_start = .)
 *(.preinit_array*)
                0x0000000008047494                PROVIDE (__preinit_array_end = .)
                0x0000000008047494                . = ALIGN (0x4)

.init_array     0x0000000008047494        0x4
                0x0000000008047494                . = ALIGN (0x4)
                0x0000000008047494                PROVIDE (__init_array_start = .)
 *(SORT_BY_NAME(.init_array.*))
 *(.init_array*)
 .init_array    0x0000000008047494        0x4 d:/stm32cubeide/stm32cubeide_1.6.1/stm32cubeide/plugins/com.st.stm32cube.ide.mcu.externaltools.gnu-tools-for-stm32.9-2020-q2-update.win32_1.5.0.202011040924/tools/bin/../lib/gcc/arm-none-eabi/9.3.1/thumb/v7e-m+fp/hard/crtbegin.o
                0x0000000008047498                PROVIDE (__init_array_end = .)
                0x0000000008047498                . = ALIGN (0x4)

.fini_array     0x0000000008047498        0x4
                0x0000000008047498                . = ALIGN (0x4)
                [!provide]                        PROVIDE (__fini_array_start = .)
 *(SORT_BY_NAME(.fini_array.*))
 *(.fini_array*)
 .fini_array    0x0000000008047498        0x4 d:/stm32cubeide/stm32cubeide_1.6.1/stm32cubeide/plugins/com.st.stm32cube.ide.mcu.externaltools.gnu-tools-for-stm32.9-2020-q2-update.win32_1.5.0.202011040924/tools/bin/../lib/gcc/arm-none-eabi/9.3.1/thumb/v7e-m+fp/hard/crtbegin.o
                [!provide]                        PROVIDE (__fini_array_end = .)
                0x000000000804749c                . = ALIGN (0x4)
                0x000000000804749c                _sidata = LOADADDR (.data)

.data           0x0000000020000000       0x70 load address 0x000000000804749c
                0x0000000020000000                . = ALIGN (0x4)
                0x0000000020000000                _sdata = .
 *(.data)
 *(.data*)
 .data.Font_7x10
                0x0000000020000000        0x8 Core/Src/fonts.o
                0x0000000020000000                Font_7x10
 .data.Font_11x18
                0x0000000020000008        0x8 Core/Src/fonts.o
                0x0000000020000008                Font_11x18
 .data.Main_Choices
                0x0000000020000010        0x8 Core/Src/main.o
                0x0000000020000010                Main_Choices
 .data.Credits_List
                0x0000000020000018       0x18 Core/Src/main.o
                0x0000000020000018                Credits_List
 .data.credits_refresh_flag
                0x0000000020000030        0x1 Core/Src/main.o
                0x0000000020000030                credits_refresh_flag
 .data.menu_refresh_flag
                0x0000000020000031        0x1 Core/Src/main.o
                0x0000000020000031                menu_refresh_flag
 .data.player_refresh_flag
                0x0000000020000032        0x1 Core/Src/main.o
                0x0000000020000032                player_refresh_flag
 .data.update_display
                0x0000000020000033        0x1 Core/Src/main.o
                0x0000000020000033                update_display
 .data.is_playing
                0x0000000020000034        0x1 Core/Src/main.o
                0x0000000020000034                is_playing
 .data.global_last_state.9522
                0x0000000020000035        0x1 Core/Src/main.o
 *fill*         0x0000000020000036        0x2 
 .data.last_song_idx.9613
                0x0000000020000038        0x4 Core/Src/main.o
 .data.vol_melody
                0x000000002000003c        0x1 Core/Src/player.o
 .data.vol_harmony
                0x000000002000003d        0x1 Core/Src/player.o
 .data.vol_bass
                0x000000002000003e        0x1 Core/Src/player.o
 *fill*         0x000000002000003f        0x1 
 .data.voice_melody
                0x0000000020000040        0xc Core/Src/player.o
 .data.voice_harmony
                0x000000002000004c        0xc Core/Src/player.o
 .data.voice_bass
                0x0000000020000058        0xc Core/Src/player.o
 .data.SystemCoreClock
                0x0000000020000064        0x4 Core/Src/system_stm32f4xx.o
                0x0000000020000064                SystemCoreClock
 .data.uwTickPrio
                0x0000000020000068        0x4 Drivers/STM32F4xx_HAL_Driver/Src/stm32f4xx_hal.o
                0x0000000020000068                uwTickPrio
 .data.uwTickFreq
                0x000000002000006c        0x1 Drivers/STM32F4xx_HAL_Driver/Src/stm32f4xx_hal.o
                0x000000002000006c                uwTickFreq
 *(.RamFunc)
 *(.RamFunc*)
                0x0000000020000070                . = ALIGN (0x4)
 *fill*         0x000000002000006d        0x3 
                0x0000000020000070                _edata = .

.igot.plt       0x0000000020000070        0x0 load address 0x000000000804750c
 .igot.plt      0x0000000020000070        0x0 d:/stm32cubeide/stm32cubeide_1.6.1/stm32cubeide/plugins/com.st.stm32cube.ide.mcu.externaltools.gnu-tools-for-stm32.9-2020-q2-update.win32_1.5.0.202011040924/tools/bin/../lib/gcc/arm-none-eabi/9.3.1/thumb/v7e-m+fp/hard/crtbegin.o
                0x0000000020000070                . = ALIGN (0x4)

.bss            0x0000000020000070      0x2d8 load address 0x000000000804750c
                0x0000000020000070                _sbss = .
                0x0000000020000070                __bss_start__ = _sbss
 *(.bss)
 .bss           0x0000000020000070       0x1c d:/stm32cubeide/stm32cubeide_1.6.1/stm32cubeide/plugins/com.st.stm32cube.ide.mcu.externaltools.gnu-tools-for-stm32.9-2020-q2-update.win32_1.5.0.202011040924/tools/bin/../lib/gcc/arm-none-eabi/9.3.1/thumb/v7e-m+fp/hard/crtbegin.o
 *(.bss*)
 .bss.dma_pixel_buffer
                0x000000002000008c       0xc8 Core/Src/ili9341.o
 .bss.credits_selection
                0x0000000020000154        0x1 Core/Src/main.o
                0x0000000020000154                credits_selection
 .bss.credits_start_index
                0x0000000020000155        0x1 Core/Src/main.o
                0x0000000020000155                credits_start_index
 .bss.credits_scroll_pos
                0x0000000020000156        0x2 Core/Src/main.o
                0x0000000020000156                credits_scroll_pos
 .bss.menu_start_index
                0x0000000020000158        0x1 Core/Src/main.o
                0x0000000020000158                menu_start_index
 .bss.current_state
                0x0000000020000159        0x1 Core/Src/main.o
                0x0000000020000159                current_state
 .bss.main_choice_selection
                0x000000002000015a        0x1 Core/Src/main.o
                0x000000002000015a                main_choice_selection
 .bss.current_selection
                0x000000002000015b        0x1 Core/Src/main.o
                0x000000002000015b                current_selection
 .bss.pending_event
                0x000000002000015c        0x1 Core/Src/main.o
                0x000000002000015c                pending_event
 *fill*         0x000000002000015d        0x3 
 .bss.last_scroll_time
                0x0000000020000160        0x4 Core/Src/main.o
                0x0000000020000160                last_scroll_time
 .bss.scroll_pos
                0x0000000020000164        0x2 Core/Src/main.o
                0x0000000020000164                scroll_pos
 .bss.menu_scroll_pos
                0x0000000020000166        0x2 Core/Src/main.o
                0x0000000020000166                menu_scroll_pos
 .bss.play_pending_time
                0x0000000020000168        0x4 Core/Src/main.o
                0x0000000020000168                play_pending_time
 .bss.is_waiting_to_play
                0x000000002000016c        0x1 Core/Src/main.o
                0x000000002000016c                is_waiting_to_play
 *fill*         0x000000002000016d        0x3 
 .bss.last_up_time.9575
                0x0000000020000170        0x4 Core/Src/main.o
 .bss.last_down_time.9576
                0x0000000020000174        0x4 Core/Src/main.o
 .bss.last_left_time.9577
                0x0000000020000178        0x4 Core/Src/main.o
 .bss.last_right_time.9578
                0x000000002000017c        0x4 Core/Src/main.o
 .bss.last_select_time.9579
                0x0000000020000180        0x4 Core/Src/main.o
 .bss.last_back_time.9580
                0x0000000020000184        0x4 Core/Src/main.o
 .bss.current_song_idx
                0x0000000020000188        0x1 Core/Src/player.o
 *fill*         0x0000000020000189        0x3 
 .bss.ms_tick   0x000000002000018c        0x4 Core/Src/player.o
 *(COMMON)
 COMMON         0x0000000020000190      0x1b4 Core/Src/main.o
                0x0000000020000190                htim4
                0x00000000200001d8                scrolled_text
                0x0000000020000214                htim1
                0x000000002000025c                htim9
                0x00000000200002a4                hspi1
                0x00000000200002fc                htim2
 COMMON         0x0000000020000344        0x4 Drivers/STM32F4xx_HAL_Driver/Src/stm32f4xx_hal.o
                0x0000000020000344                uwTick
                0x0000000020000348                . = ALIGN (0x4)
                0x0000000020000348                _ebss = .
                0x0000000020000348                __bss_end__ = _ebss

._user_heap_stack
                0x0000000020000348      0x600 load address 0x000000000804750c
                0x0000000020000348                . = ALIGN (0x8)
                [!provide]                        PROVIDE (end = .)
                0x0000000020000348                PROVIDE (_end = .)
                0x0000000020000548                . = (. + _Min_Heap_Size)
 *fill*         0x0000000020000348      0x200 
                0x0000000020000948                . = (. + _Min_Stack_Size)
 *fill*         0x0000000020000548      0x400 
                0x0000000020000948                . = ALIGN (0x8)

/DISCARD/
 libc.a(*)
 libm.a(*)
 libgcc.a(*)

.ARM.attributes
                0x0000000000000000       0x30
 *(.ARM.attributes)
 .ARM.attributes
                0x0000000000000000       0x1e d:/stm32cubeide/stm32cubeide_1.6.1/stm32cubeide/plugins/com.st.stm32cube.ide.mcu.externaltools.gnu-tools-for-stm32.9-2020-q2-update.win32_1.5.0.202011040924/tools/bin/../lib/gcc/arm-none-eabi/9.3.1/thumb/v7e-m+fp/hard/crti.o
 .ARM.attributes
                0x000000000000001e       0x34 d:/stm32cubeide/stm32cubeide_1.6.1/stm32cubeide/plugins/com.st.stm32cube.ide.mcu.externaltools.gnu-tools-for-stm32.9-2020-q2-update.win32_1.5.0.202011040924/tools/bin/../lib/gcc/arm-none-eabi/9.3.1/thumb/v7e-m+fp/hard/crtbegin.o
 .ARM.attributes
                0x0000000000000052       0x39 Core/Src/fonts.o
 .ARM.attributes
                0x000000000000008b       0x34 Core/Src/ili9341.o
 .ARM.attributes
                0x00000000000000bf       0x34 Core/Src/main.o
 .ARM.attributes
                0x00000000000000f3       0x34 Core/Src/player.o
 .ARM.attributes
                0x0000000000000127       0x34 Core/Src/stm32f4xx_hal_msp.o
 .ARM.attributes
                0x000000000000015b       0x34 Core/Src/stm32f4xx_it.o
 .ARM.attributes
                0x000000000000018f       0x34 Core/Src/system_stm32f4xx.o
 .ARM.attributes
                0x00000000000001c3       0x21 Core/Startup/startup_stm32f411vetx.o
 .ARM.attributes
                0x00000000000001e4       0x34 Drivers/STM32F4xx_HAL_Driver/Src/stm32f4xx_hal.o
 .ARM.attributes
                0x0000000000000218       0x34 Drivers/STM32F4xx_HAL_Driver/Src/stm32f4xx_hal_cortex.o
 .ARM.attributes
                0x000000000000024c       0x34 Drivers/STM32F4xx_HAL_Driver/Src/stm32f4xx_hal_dma.o
 .ARM.attributes
                0x0000000000000280       0x34 Drivers/STM32F4xx_HAL_Driver/Src/stm32f4xx_hal_gpio.o
 .ARM.attributes
                0x00000000000002b4       0x34 Drivers/STM32F4xx_HAL_Driver/Src/stm32f4xx_hal_rcc.o
 .ARM.attributes
                0x00000000000002e8       0x34 Drivers/STM32F4xx_HAL_Driver/Src/stm32f4xx_hal_spi.o
 .ARM.attributes
                0x000000000000031c       0x34 Drivers/STM32F4xx_HAL_Driver/Src/stm32f4xx_hal_tim.o
 .ARM.attributes
                0x0000000000000350       0x34 Drivers/STM32F4xx_HAL_Driver/Src/stm32f4xx_hal_tim_ex.o
 .ARM.attributes
                0x0000000000000384       0x34 d:/stm32cubeide/stm32cubeide_1.6.1/stm32cubeide/plugins/com.st.stm32cube.ide.mcu.externaltools.gnu-tools-for-stm32.9-2020-q2-update.win32_1.5.0.202011040924/tools/bin/../lib/gcc/arm-none-eabi/9.3.1/../../../../arm-none-eabi/lib/thumb/v7e-m+fp/hard\libc_nano.a(lib_a-init.o)
 .ARM.attributes
                0x00000000000003b8       0x34 d:/stm32cubeide/stm32cubeide_1.6.1/stm32cubeide/plugins/com.st.stm32cube.ide.mcu.externaltools.gnu-tools-for-stm32.9-2020-q2-update.win32_1.5.0.202011040924/tools/bin/../lib/gcc/arm-none-eabi/9.3.1/../../../../arm-none-eabi/lib/thumb/v7e-m+fp/hard\libc_nano.a(lib_a-memset.o)
 .ARM.attributes
                0x00000000000003ec       0x17 d:/stm32cubeide/stm32cubeide_1.6.1/stm32cubeide/plugins/com.st.stm32cube.ide.mcu.externaltools.gnu-tools-for-stm32.9-2020-q2-update.win32_1.5.0.202011040924/tools/bin/../lib/gcc/arm-none-eabi/9.3.1/../../../../arm-none-eabi/lib/thumb/v7e-m+fp/hard\libc_nano.a(lib_a-strlen.o)
 .ARM.attributes
                0x0000000000000403       0x34 d:/stm32cubeide/stm32cubeide_1.6.1/stm32cubeide/plugins/com.st.stm32cube.ide.mcu.externaltools.gnu-tools-for-stm32.9-2020-q2-update.win32_1.5.0.202011040924/tools/bin/../lib/gcc/arm-none-eabi/9.3.1/../../../../arm-none-eabi/lib/thumb/v7e-m+fp/hard\libc_nano.a(lib_a-strncpy.o)
 .ARM.attributes
                0x0000000000000437       0x1e d:/stm32cubeide/stm32cubeide_1.6.1/stm32cubeide/plugins/com.st.stm32cube.ide.mcu.externaltools.gnu-tools-for-stm32.9-2020-q2-update.win32_1.5.0.202011040924/tools/bin/../lib/gcc/arm-none-eabi/9.3.1/thumb/v7e-m+fp/hard\libgcc.a(_aeabi_uldivmod.o)
 .ARM.attributes
                0x0000000000000455       0x34 d:/stm32cubeide/stm32cubeide_1.6.1/stm32cubeide/plugins/com.st.stm32cube.ide.mcu.externaltools.gnu-tools-for-stm32.9-2020-q2-update.win32_1.5.0.202011040924/tools/bin/../lib/gcc/arm-none-eabi/9.3.1/thumb/v7e-m+fp/hard\libgcc.a(_udivmoddi4.o)
 .ARM.attributes
                0x0000000000000489       0x1e d:/stm32cubeide/stm32cubeide_1.6.1/stm32cubeide/plugins/com.st.stm32cube.ide.mcu.externaltools.gnu-tools-for-stm32.9-2020-q2-update.win32_1.5.0.202011040924/tools/bin/../lib/gcc/arm-none-eabi/9.3.1/thumb/v7e-m+fp/hard\libgcc.a(_dvmd_tls.o)
 .ARM.attributes
                0x00000000000004a7       0x1e d:/stm32cubeide/stm32cubeide_1.6.1/stm32cubeide/plugins/com.st.stm32cube.ide.mcu.externaltools.gnu-tools-for-stm32.9-2020-q2-update.win32_1.5.0.202011040924/tools/bin/../lib/gcc/arm-none-eabi/9.3.1/thumb/v7e-m+fp/hard/crtn.o
OUTPUT(Test_LCD.elf elf32-littlearm)
LOAD linker stubs
LOAD d:/stm32cubeide/stm32cubeide_1.6.1/stm32cubeide/plugins/com.st.stm32cube.ide.mcu.externaltools.gnu-tools-for-stm32.9-2020-q2-update.win32_1.5.0.202011040924/tools/bin/../lib/gcc/arm-none-eabi/9.3.1/../../../../arm-none-eabi/lib/thumb/v7e-m+fp/hard\libc.a
LOAD d:/stm32cubeide/stm32cubeide_1.6.1/stm32cubeide/plugins/com.st.stm32cube.ide.mcu.externaltools.gnu-tools-for-stm32.9-2020-q2-update.win32_1.5.0.202011040924/tools/bin/../lib/gcc/arm-none-eabi/9.3.1/../../../../arm-none-eabi/lib/thumb/v7e-m+fp/hard\libm.a
LOAD d:/stm32cubeide/stm32cubeide_1.6.1/stm32cubeide/plugins/com.st.stm32cube.ide.mcu.externaltools.gnu-tools-for-stm32.9-2020-q2-update.win32_1.5.0.202011040924/tools/bin/../lib/gcc/arm-none-eabi/9.3.1/thumb/v7e-m+fp/hard\libgcc.a

.debug_info     0x0000000000000000     0xf8fd
 .debug_info    0x0000000000000000      0x1ae Core/Src/fonts.o
 .debug_info    0x00000000000001ae      0xf0c Core/Src/ili9341.o
 .debug_info    0x00000000000010ba     0x2931 Core/Src/main.o
 .debug_info    0x00000000000039eb     0x103a Core/Src/player.o
 .debug_info    0x0000000000004a25     0x109a Core/Src/stm32f4xx_hal_msp.o
 .debug_info    0x0000000000005abf      0xb4c Core/Src/stm32f4xx_it.o
 .debug_info    0x000000000000660b      0x5d0 Core/Src/system_stm32f4xx.o
 .debug_info    0x0000000000006bdb       0x22 Core/Startup/startup_stm32f411vetx.o
 .debug_info    0x0000000000006bfd      0x944 Drivers/STM32F4xx_HAL_Driver/Src/stm32f4xx_hal.o
 .debug_info    0x0000000000007541      0xe47 Drivers/STM32F4xx_HAL_Driver/Src/stm32f4xx_hal_cortex.o
 .debug_info    0x0000000000008388      0x9e9 Drivers/STM32F4xx_HAL_Driver/Src/stm32f4xx_hal_dma.o
 .debug_info    0x0000000000008d71      0x862 Drivers/STM32F4xx_HAL_Driver/Src/stm32f4xx_hal_gpio.o
 .debug_info    0x00000000000095d3      0x9be Drivers/STM32F4xx_HAL_Driver/Src/stm32f4xx_hal_rcc.o
 .debug_info    0x0000000000009f91     0x17b8 Drivers/STM32F4xx_HAL_Driver/Src/stm32f4xx_hal_spi.o
 .debug_info    0x000000000000b749     0x2c1a Drivers/STM32F4xx_HAL_Driver/Src/stm32f4xx_hal_tim.o
 .debug_info    0x000000000000e363     0x159a Drivers/STM32F4xx_HAL_Driver/Src/stm32f4xx_hal_tim_ex.o

.debug_abbrev   0x0000000000000000     0x20c6
 .debug_abbrev  0x0000000000000000       0xad Core/Src/fonts.o
 .debug_abbrev  0x00000000000000ad      0x25c Core/Src/ili9341.o
 .debug_abbrev  0x0000000000000309      0x329 Core/Src/main.o
 .debug_abbrev  0x0000000000000632      0x24f Core/Src/player.o
 .debug_abbrev  0x0000000000000881      0x206 Core/Src/stm32f4xx_hal_msp.o
 .debug_abbrev  0x0000000000000a87      0x1bb Core/Src/stm32f4xx_it.o
 .debug_abbrev  0x0000000000000c42      0x145 Core/Src/system_stm32f4xx.o
 .debug_abbrev  0x0000000000000d87       0x12 Core/Startup/startup_stm32f411vetx.o
 .debug_abbrev  0x0000000000000d99      0x21e Drivers/STM32F4xx_HAL_Driver/Src/stm32f4xx_hal.o
 .debug_abbrev  0x0000000000000fb7      0x33c Drivers/STM32F4xx_HAL_Driver/Src/stm32f4xx_hal_cortex.o
 .debug_abbrev  0x00000000000012f3      0x219 Drivers/STM32F4xx_HAL_Driver/Src/stm32f4xx_hal_dma.o
 .debug_abbrev  0x000000000000150c      0x1f1 Drivers/STM32F4xx_HAL_Driver/Src/stm32f4xx_hal_gpio.o
 .debug_abbrev  0x00000000000016fd      0x275 Drivers/STM32F4xx_HAL_Driver/Src/stm32f4xx_hal_rcc.o
 .debug_abbrev  0x0000000000001972      0x26e Drivers/STM32F4xx_HAL_Driver/Src/stm32f4xx_hal_spi.o
 .debug_abbrev  0x0000000000001be0      0x26f Drivers/STM32F4xx_HAL_Driver/Src/stm32f4xx_hal_tim.o
 .debug_abbrev  0x0000000000001e4f      0x277 Drivers/STM32F4xx_HAL_Driver/Src/stm32f4xx_hal_tim_ex.o

.debug_aranges  0x0000000000000000      0xd80
 .debug_aranges
                0x0000000000000000       0x18 Core/Src/fonts.o
 .debug_aranges
                0x0000000000000018       0x88 Core/Src/ili9341.o
 .debug_aranges
                0x00000000000000a0       0x98 Core/Src/main.o
 .debug_aranges
                0x0000000000000138       0x88 Core/Src/player.o
 .debug_aranges
                0x00000000000001c0       0x48 Core/Src/stm32f4xx_hal_msp.o
 .debug_aranges
                0x0000000000000208       0xa8 Core/Src/stm32f4xx_it.o
 .debug_aranges
                0x00000000000002b0       0x28 Core/Src/system_stm32f4xx.o
 .debug_aranges
                0x00000000000002d8       0x28 Core/Startup/startup_stm32f411vetx.o
 .debug_aranges
                0x0000000000000300       0xf0 Drivers/STM32F4xx_HAL_Driver/Src/stm32f4xx_hal.o
 .debug_aranges
                0x00000000000003f0      0x118 Drivers/STM32F4xx_HAL_Driver/Src/stm32f4xx_hal_cortex.o
 .debug_aranges
                0x0000000000000508       0x90 Drivers/STM32F4xx_HAL_Driver/Src/stm32f4xx_hal_dma.o
 .debug_aranges
                0x0000000000000598       0x58 Drivers/STM32F4xx_HAL_Driver/Src/stm32f4xx_hal_gpio.o
 .debug_aranges
                0x00000000000005f0       0x88 Drivers/STM32F4xx_HAL_Driver/Src/stm32f4xx_hal_rcc.o
 .debug_aranges
                0x0000000000000678      0x1d0 Drivers/STM32F4xx_HAL_Driver/Src/stm32f4xx_hal_spi.o
 .debug_aranges
                0x0000000000000848      0x3d0 Drivers/STM32F4xx_HAL_Driver/Src/stm32f4xx_hal_tim.o
 .debug_aranges
                0x0000000000000c18      0x168 Drivers/STM32F4xx_HAL_Driver/Src/stm32f4xx_hal_tim_ex.o

.debug_macro    0x0000000000000000    0x1635a
 .debug_macro   0x0000000000000000       0x6d Core/Src/fonts.o
 .debug_macro   0x000000000000006d      0xaa8 Core/Src/fonts.o
 .debug_macro   0x0000000000000b15       0x22 Core/Src/fonts.o
 .debug_macro   0x0000000000000b37       0x8e Core/Src/fonts.o
 .debug_macro   0x0000000000000bc5       0x51 Core/Src/fonts.o
 .debug_macro   0x0000000000000c16      0x103 Core/Src/fonts.o
 .debug_macro   0x0000000000000d19       0x6a Core/Src/fonts.o
 .debug_macro   0x0000000000000d83      0x1df Core/Src/fonts.o
 .debug_macro   0x0000000000000f62      0x1f9 Core/Src/ili9341.o
 .debug_macro   0x000000000000115b      0x29b Core/Src/ili9341.o
 .debug_macro   0x00000000000013f6       0x2e Core/Src/ili9341.o
 .debug_macro   0x0000000000001424       0x28 Core/Src/ili9341.o
 .debug_macro   0x000000000000144c       0x1c Core/Src/ili9341.o
 .debug_macro   0x0000000000001468       0x22 Core/Src/ili9341.o
 .debug_macro   0x000000000000148a       0xdf Core/Src/ili9341.o
 .debug_macro   0x0000000000001569     0x102d Core/Src/ili9341.o
 .debug_macro   0x0000000000002596      0x11f Core/Src/ili9341.o
 .debug_macro   0x00000000000026b5     0xb953 Core/Src/ili9341.o
 .debug_macro   0x000000000000e008       0x6d Core/Src/ili9341.o
 .debug_macro   0x000000000000e075     0x3666 Core/Src/ili9341.o
 .debug_macro   0x00000000000116db      0x174 Core/Src/ili9341.o
 .debug_macro   0x000000000001184f       0x5c Core/Src/ili9341.o
 .debug_macro   0x00000000000118ab      0x447 Core/Src/ili9341.o
 .debug_macro   0x0000000000011cf2      0x9fe Core/Src/ili9341.o
 .debug_macro   0x00000000000126f0      0x116 Core/Src/ili9341.o
 .debug_macro   0x0000000000012806      0x11b Core/Src/ili9341.o
 .debug_macro   0x0000000000012921       0xa5 Core/Src/ili9341.o
 .debug_macro   0x00000000000129c6      0x15f Core/Src/ili9341.o
 .debug_macro   0x0000000000012b25      0x287 Core/Src/ili9341.o
 .debug_macro   0x0000000000012dac       0x5f Core/Src/ili9341.o
 .debug_macro   0x0000000000012e0b      0x236 Core/Src/ili9341.o
 .debug_macro   0x0000000000013041      0x132 Core/Src/ili9341.o
 .debug_macro   0x0000000000013173      0x264 Core/Src/ili9341.o
 .debug_macro   0x00000000000133d7       0x2e Core/Src/ili9341.o
 .debug_macro   0x0000000000013405      0x11a Core/Src/ili9341.o
 .debug_macro   0x000000000001351f       0x85 Core/Src/ili9341.o
 .debug_macro   0x00000000000135a4       0x89 Core/Src/ili9341.o
 .debug_macro   0x000000000001362d      0x225 Core/Src/ili9341.o
 .debug_macro   0x0000000000013852      0x8d1 Core/Src/ili9341.o
 .debug_macro   0x0000000000014123       0x47 Core/Src/ili9341.o
 .debug_macro   0x000000000001416a      0x126 Core/Src/ili9341.o
 .debug_macro   0x0000000000014290       0x22 Core/Src/ili9341.o
 .debug_macro   0x00000000000142b2       0xbe Core/Src/ili9341.o
 .debug_macro   0x0000000000014370       0xa0 Core/Src/ili9341.o
 .debug_macro   0x0000000000014410      0x40a Core/Src/main.o
 .debug_macro   0x000000000001481a       0x10 Core/Src/main.o
 .debug_macro   0x000000000001482a       0x1c Core/Src/main.o
 .debug_macro   0x0000000000014846       0x10 Core/Src/main.o
 .debug_macro   0x0000000000014856       0x10 Core/Src/main.o
 .debug_macro   0x0000000000014866       0x1c Core/Src/main.o
 .debug_macro   0x0000000000014882       0x52 Core/Src/main.o
 .debug_macro   0x00000000000148d4       0x22 Core/Src/main.o
 .debug_macro   0x00000000000148f6       0x10 Core/Src/main.o
 .debug_macro   0x0000000000014906       0x40 Core/Src/main.o
 .debug_macro   0x0000000000014946       0xd5 Core/Src/main.o
 .debug_macro   0x0000000000014a1b       0x1c Core/Src/main.o
 .debug_macro   0x0000000000014a37       0x3d Core/Src/main.o
 .debug_macro   0x0000000000014a74       0x16 Core/Src/main.o
 .debug_macro   0x0000000000014a8a      0x145 Core/Src/main.o
 .debug_macro   0x0000000000014bcf       0x34 Core/Src/main.o
 .debug_macro   0x0000000000014c03       0x19 Core/Src/main.o
 .debug_macro   0x0000000000014c1c       0x19 Core/Src/main.o
 .debug_macro   0x0000000000014c35       0x19 Core/Src/main.o
 .debug_macro   0x0000000000014c4e       0x19 Core/Src/main.o
 .debug_macro   0x0000000000014c67       0x19 Core/Src/main.o
 .debug_macro   0x0000000000014c80      0x238 Core/Src/player.o
 .debug_macro   0x0000000000014eb8      0x1dd Core/Src/stm32f4xx_hal_msp.o
 .debug_macro   0x0000000000015095      0x1e7 Core/Src/stm32f4xx_it.o
 .debug_macro   0x000000000001527c      0x1ce Core/Src/system_stm32f4xx.o
 .debug_macro   0x000000000001544a      0x22e Drivers/STM32F4xx_HAL_Driver/Src/stm32f4xx_hal.o
 .debug_macro   0x0000000000015678      0x1ce Drivers/STM32F4xx_HAL_Driver/Src/stm32f4xx_hal_cortex.o
 .debug_macro   0x0000000000015846      0x1d4 Drivers/STM32F4xx_HAL_Driver/Src/stm32f4xx_hal_dma.o
 .debug_macro   0x0000000000015a1a      0x1d4 Drivers/STM32F4xx_HAL_Driver/Src/stm32f4xx_hal_gpio.o
 .debug_macro   0x0000000000015bee      0x1f2 Drivers/STM32F4xx_HAL_Driver/Src/stm32f4xx_hal_rcc.o
 .debug_macro   0x0000000000015de0      0x1dd Drivers/STM32F4xx_HAL_Driver/Src/stm32f4xx_hal_spi.o
 .debug_macro   0x0000000000015fbd      0x1cf Drivers/STM32F4xx_HAL_Driver/Src/stm32f4xx_hal_tim.o
 .debug_macro   0x000000000001618c      0x1ce Drivers/STM32F4xx_HAL_Driver/Src/stm32f4xx_hal_tim_ex.o

.debug_line     0x0000000000000000     0xee03
 .debug_line    0x0000000000000000      0x3b2 Core/Src/fonts.o
 .debug_line    0x00000000000003b2      0xb0e Core/Src/ili9341.o
 .debug_line    0x0000000000000ec0     0x1368 Core/Src/main.o
 .debug_line    0x0000000000002228      0xab5 Core/Src/player.o
 .debug_line    0x0000000000002cdd      0x84d Core/Src/stm32f4xx_hal_msp.o
 .debug_line    0x000000000000352a      0x884 Core/Src/stm32f4xx_it.o
 .debug_line    0x0000000000003dae      0x76f Core/Src/system_stm32f4xx.o
 .debug_line    0x000000000000451d       0x88 Core/Startup/startup_stm32f411vetx.o
 .debug_line    0x00000000000045a5      0x9d5 Drivers/STM32F4xx_HAL_Driver/Src/stm32f4xx_hal.o
 .debug_line    0x0000000000004f7a      0xc84 Drivers/STM32F4xx_HAL_Driver/Src/stm32f4xx_hal_cortex.o
 .debug_line    0x0000000000005bfe      0xf3a Drivers/STM32F4xx_HAL_Driver/Src/stm32f4xx_hal_dma.o
 .debug_line    0x0000000000006b38      0xb0f Drivers/STM32F4xx_HAL_Driver/Src/stm32f4xx_hal_gpio.o
 .debug_line    0x0000000000007647      0xd4f Drivers/STM32F4xx_HAL_Driver/Src/stm32f4xx_hal_rcc.o
 .debug_line    0x0000000000008396     0x1c5d Drivers/STM32F4xx_HAL_Driver/Src/stm32f4xx_hal_spi.o
 .debug_line    0x0000000000009ff3     0x34a3 Drivers/STM32F4xx_HAL_Driver/Src/stm32f4xx_hal_tim.o
 .debug_line    0x000000000000d496     0x196d Drivers/STM32F4xx_HAL_Driver/Src/stm32f4xx_hal_tim_ex.o

.debug_str      0x0000000000000000    0x8f005
 .debug_str     0x0000000000000000     0x3bcf Core/Src/fonts.o
                                       0x3d45 (size before relaxing)
 .debug_str     0x0000000000003bcf    0x82d9a Core/Src/ili9341.o
                                      0x86caf (size before relaxing)
 .debug_str     0x0000000000086969     0x5af2 Core/Src/main.o
                                      0x8c7c5 (size before relaxing)
 .debug_str     0x000000000008c45b      0x1d6 Core/Src/player.o
                                      0x8738a (size before relaxing)
 .debug_str     0x000000000008c631       0x9d Core/Src/stm32f4xx_hal_msp.o
                                      0x8701e (size before relaxing)
 .debug_str     0x000000000008c6ce      0x153 Core/Src/stm32f4xx_it.o
                                      0x86bce (size before relaxing)
 .debug_str     0x000000000008c821       0xaf Core/Src/system_stm32f4xx.o
                                      0x8621a (size before relaxing)
 .debug_str     0x000000000008c8d0       0x36 Core/Startup/startup_stm32f411vetx.o
                                         0x5f (size before relaxing)
 .debug_str     0x000000000008c906      0x583 Drivers/STM32F4xx_HAL_Driver/Src/stm32f4xx_hal.o
                                      0x86ba4 (size before relaxing)
 .debug_str     0x000000000008ce89      0x399 Drivers/STM32F4xx_HAL_Driver/Src/stm32f4xx_hal_cortex.o
                                      0x86981 (size before relaxing)
 .debug_str     0x000000000008d222      0x315 Drivers/STM32F4xx_HAL_Driver/Src/stm32f4xx_hal_dma.o
                                      0x86632 (size before relaxing)
 .debug_str     0x000000000008d537      0x13f Drivers/STM32F4xx_HAL_Driver/Src/stm32f4xx_hal_gpio.o
                                      0x863c1 (size before relaxing)
 .debug_str     0x000000000008d676      0x259 Drivers/STM32F4xx_HAL_Driver/Src/stm32f4xx_hal_rcc.o
                                      0x8661c (size before relaxing)
 .debug_str     0x000000000008d8cf      0x57a Drivers/STM32F4xx_HAL_Driver/Src/stm32f4xx_hal_spi.o
                                      0x86aac (size before relaxing)
 .debug_str     0x000000000008de49      0xd62 Drivers/STM32F4xx_HAL_Driver/Src/stm32f4xx_hal_tim.o
                                      0x87537 (size before relaxing)
 .debug_str     0x000000000008ebab      0x45a Drivers/STM32F4xx_HAL_Driver/Src/stm32f4xx_hal_tim_ex.o
                                      0x86ce8 (size before relaxing)

.comment        0x0000000000000000       0x53
 .comment       0x0000000000000000       0x53 Core/Src/fonts.o
                                         0x54 (size before relaxing)
 .comment       0x0000000000000053       0x54 Core/Src/ili9341.o
 .comment       0x0000000000000053       0x54 Core/Src/main.o
 .comment       0x0000000000000053       0x54 Core/Src/player.o
 .comment       0x0000000000000053       0x54 Core/Src/stm32f4xx_hal_msp.o
 .comment       0x0000000000000053       0x54 Core/Src/stm32f4xx_it.o
 .comment       0x0000000000000053       0x54 Core/Src/system_stm32f4xx.o
 .comment       0x0000000000000053       0x54 Drivers/STM32F4xx_HAL_Driver/Src/stm32f4xx_hal.o
 .comment       0x0000000000000053       0x54 Drivers/STM32F4xx_HAL_Driver/Src/stm32f4xx_hal_cortex.o
 .comment       0x0000000000000053       0x54 Drivers/STM32F4xx_HAL_Driver/Src/stm32f4xx_hal_dma.o
 .comment       0x0000000000000053       0x54 Drivers/STM32F4xx_HAL_Driver/Src/stm32f4xx_hal_gpio.o
 .comment       0x0000000000000053       0x54 Drivers/STM32F4xx_HAL_Driver/Src/stm32f4xx_hal_rcc.o
 .comment       0x0000000000000053       0x54 Drivers/STM32F4xx_HAL_Driver/Src/stm32f4xx_hal_spi.o
 .comment       0x0000000000000053       0x54 Drivers/STM32F4xx_HAL_Driver/Src/stm32f4xx_hal_tim.o
 .comment       0x0000000000000053       0x54 Drivers/STM32F4xx_HAL_Driver/Src/stm32f4xx_hal_tim_ex.o

.debug_ranges   0x0000000000000000      0xcb0
 .debug_ranges  0x0000000000000000       0x78 Core/Src/ili9341.o
 .debug_ranges  0x0000000000000078       0xb8 Core/Src/main.o
 .debug_ranges  0x0000000000000130       0x78 Core/Src/player.o
 .debug_ranges  0x00000000000001a8       0x38 Core/Src/stm32f4xx_hal_msp.o
 .debug_ranges  0x00000000000001e0       0x98 Core/Src/stm32f4xx_it.o
 .debug_ranges  0x0000000000000278       0x18 Core/Src/system_stm32f4xx.o
 .debug_ranges  0x0000000000000290       0x20 Core/Startup/startup_stm32f411vetx.o
 .debug_ranges  0x00000000000002b0       0xe0 Drivers/STM32F4xx_HAL_Driver/Src/stm32f4xx_hal.o
 .debug_ranges  0x0000000000000390      0x108 Drivers/STM32F4xx_HAL_Driver/Src/stm32f4xx_hal_cortex.o
 .debug_ranges  0x0000000000000498       0x80 Drivers/STM32F4xx_HAL_Driver/Src/stm32f4xx_hal_dma.o
 .debug_ranges  0x0000000000000518       0x48 Drivers/STM32F4xx_HAL_Driver/Src/stm32f4xx_hal_gpio.o
 .debug_ranges  0x0000000000000560       0x78 Drivers/STM32F4xx_HAL_Driver/Src/stm32f4xx_hal_rcc.o
 .debug_ranges  0x00000000000005d8      0x1c0 Drivers/STM32F4xx_HAL_Driver/Src/stm32f4xx_hal_spi.o
 .debug_ranges  0x0000000000000798      0x3c0 Drivers/STM32F4xx_HAL_Driver/Src/stm32f4xx_hal_tim.o
 .debug_ranges  0x0000000000000b58      0x158 Drivers/STM32F4xx_HAL_Driver/Src/stm32f4xx_hal_tim_ex.o

.debug_frame    0x0000000000000000     0x3834
 .debug_frame   0x0000000000000000      0x21c Core/Src/ili9341.o
 .debug_frame   0x000000000000021c      0x24c Core/Src/main.o
 .debug_frame   0x0000000000000468      0x208 Core/Src/player.o
 .debug_frame   0x0000000000000670       0xe8 Core/Src/stm32f4xx_hal_msp.o
 .debug_frame   0x0000000000000758      0x204 Core/Src/stm32f4xx_it.o
 .debug_frame   0x000000000000095c       0x58 Core/Src/system_stm32f4xx.o
 .debug_frame   0x00000000000009b4      0x374 Drivers/STM32F4xx_HAL_Driver/Src/stm32f4xx_hal.o
 .debug_frame   0x0000000000000d28      0x498 Drivers/STM32F4xx_HAL_Driver/Src/stm32f4xx_hal_cortex.o
 .debug_frame   0x00000000000011c0      0x250 Drivers/STM32F4xx_HAL_Driver/Src/stm32f4xx_hal_dma.o
 .debug_frame   0x0000000000001410      0x14c Drivers/STM32F4xx_HAL_Driver/Src/stm32f4xx_hal_gpio.o
 .debug_frame   0x000000000000155c      0x1ec Drivers/STM32F4xx_HAL_Driver/Src/stm32f4xx_hal_rcc.o
 .debug_frame   0x0000000000001748      0x824 Drivers/STM32F4xx_HAL_Driver/Src/stm32f4xx_hal_spi.o
 .debug_frame   0x0000000000001f6c     0x11bc Drivers/STM32F4xx_HAL_Driver/Src/stm32f4xx_hal_tim.o
 .debug_frame   0x0000000000003128      0x638 Drivers/STM32F4xx_HAL_Driver/Src/stm32f4xx_hal_tim_ex.o
 .debug_frame   0x0000000000003760       0x2c d:/stm32cubeide/stm32cubeide_1.6.1/stm32cubeide/plugins/com.st.stm32cube.ide.mcu.externaltools.gnu-tools-for-stm32.9-2020-q2-update.win32_1.5.0.202011040924/tools/bin/../lib/gcc/arm-none-eabi/9.3.1/../../../../arm-none-eabi/lib/thumb/v7e-m+fp/hard\libc_nano.a(lib_a-init.o)
 .debug_frame   0x000000000000378c       0x20 d:/stm32cubeide/stm32cubeide_1.6.1/stm32cubeide/plugins/com.st.stm32cube.ide.mcu.externaltools.gnu-tools-for-stm32.9-2020-q2-update.win32_1.5.0.202011040924/tools/bin/../lib/gcc/arm-none-eabi/9.3.1/../../../../arm-none-eabi/lib/thumb/v7e-m+fp/hard\libc_nano.a(lib_a-memset.o)
 .debug_frame   0x00000000000037ac       0x28 d:/stm32cubeide/stm32cubeide_1.6.1/stm32cubeide/plugins/com.st.stm32cube.ide.mcu.externaltools.gnu-tools-for-stm32.9-2020-q2-update.win32_1.5.0.202011040924/tools/bin/../lib/gcc/arm-none-eabi/9.3.1/../../../../arm-none-eabi/lib/thumb/v7e-m+fp/hard\libc_nano.a(lib_a-strncpy.o)
 .debug_frame   0x00000000000037d4       0x2c d:/stm32cubeide/stm32cubeide_1.6.1/stm32cubeide/plugins/com.st.stm32cube.ide.mcu.externaltools.gnu-tools-for-stm32.9-2020-q2-update.win32_1.5.0.202011040924/tools/bin/../lib/gcc/arm-none-eabi/9.3.1/thumb/v7e-m+fp/hard\libgcc.a(_aeabi_uldivmod.o)
 .debug_frame   0x0000000000003800       0x34 d:/stm32cubeide/stm32cubeide_1.6.1/stm32cubeide/plugins/com.st.stm32cube.ide.mcu.externaltools.gnu-tools-for-stm32.9-2020-q2-update.win32_1.5.0.202011040924/tools/bin/../lib/gcc/arm-none-eabi/9.3.1/thumb/v7e-m+fp/hard\libgcc.a(_udivmoddi4.o)
