ili9341.c:9:13:ILI9341_Select	8	static
ili9341.c:13:6:ILI9341_Unselect	8	static
ili9341.c:17:13:ILI9341_Reset	8	static
ili9341.c:23:13:ILI9341_WriteCommand	16	static
ili9341.c:29:13:ILI9341_WriteData	24	static
ili9341.c:43:13:ILI9341_SetAddressWindow	32	static
ili9341.c:61:6:ILI9341_Init	120	static
ili9341.c:216:6:ILI9341_DrawPixel	24	static
ili9341.c:229:13:ILI9341_WriteChar	48	static
ili9341.c:248:6:ILI9341_WriteString	32	static
ili9341.c:274:6:ILI9341_FillRectangle	40	static
ili9341.c:318:6:ILI9341_FillScreen	24	static
ili9341.c:322:6:ILI9341_DrawImage	24	static
ili9341.c:333:6:ILI9341_InvertColors	16	static
