lcd_touch.c:136:13:LCD_GPIO_Init	48	static
lcd_touch.c:165:20:LCD_Write8	16	static
lcd_touch.c:179:6:TFT_24S_Write_Command	16	static
lcd_touch.c:187:6:TFT_24S_Write_Data	16	static
lcd_touch.c:194:20:LCD_Write8Register8	16	static
lcd_touch.c:201:20:LCD_Write16Register8	16	static
lcd_touch.c:218:20:LCD_Write32Register8	16	static
lcd_touch.c:278:6:LCD_init	8	static
lcd_touch.c:399:6:LCD_Flood	24	static
lcd_touch.c:415:6:LCD_SetAddrWindow	24	static
lcd_touch.c:423:6:LCD_FillScreen	16	static
lcd_touch.c:429:6:LCD_SetRotation	24	static
lcd_touch.c:458:6:LCD_DrawBMP	72	static
lcd_touch.c:537:6:LCD_DrawPixel	16	static
lcd_touch.c:548:6:LCD_DrawLine	48	static
lcd_touch.c:589:6:LCD_DrawFastHLine	32	static
lcd_touch.c:612:6:LCD_DrawFastVLine	32	static
lcd_touch.c:632:6:LCD_DrawRect	24	static
lcd_touch.c:639:6:LCD_FillRect	32	static
lcd_touch.c:669:6:LCD_DrawCircle	40	static
lcd_touch.c:702:6:LCD_DrawCircleHelper	40	static
lcd_touch.c:737:6:LCD_FillCircle	32	static
lcd_touch.c:742:6:LCD_FillCircleHelper	40	static
lcd_touch.c:771:6:LCD_DrawTriangle	32	static
lcd_touch.c:777:6:LCD_FillTriangle	72	static
lcd_touch.c:853:6:LCD_DrawRoundRect	32	static
lcd_touch.c:866:6:LCD_FillRoundRect	32	static
lcd_touch.c:875:6:LCD_SetCursor	16	static
lcd_touch.c:880:6:LCD_DrawChar	64	static
lcd_touch.c:941:6:LCD_Printf	40	static
