main.c:137:6:FSM_Update	16	static
main.c:281:5:main	24	static,ignoring_inline_asm
main.c:411:6:SystemClock_Config	88	static
main.c:456:13:MX_SPI1_Init	8	static
main.c:494:13:MX_TIM1_Init	96	static
main.c:569:13:MX_TIM2_Init	64	static
main.c:628:13:MX_TIM4_Init	32	static
main.c:673:13:MX_TIM9_Init	56	static
main.c:725:13:MX_GPIO_Init	48	static
main.c:786:6:HAL_GPIO_EXTI_Callback	24	static
main.c:817:6:HAL_TIM_PeriodElapsedCallback	16	static
main.c:834:6:Draw_MainChoice	32	static
main.c:854:6:Draw_Menu	120	static
main.c:939:6:Draw_MusicPlayer	88	static
main.c:998:6:Draw_Credits	120	static
main.c:1094:6:Error_Handler	4	static,ignoring_inline_asm
